exit code: 0
----------------------------------- begin stderr -----------------------------------
+ echo 'sudo journalctl --boot=0 --no-pager'
+ chmod 0755 script_file_84c0adfb-1327-454d-a9e7-6830393db574.sh
+ scp -i sshkey1022407 -o PasswordAuthentication=no -o UserKnownHostsFile=/dev/null -o StrictHostKeyChecking=no -o ConnectTimeout=5 script_file_84c0adfb-1327-454d-a9e7-6830393db574.sh azureuser@10.224.0.7:script_file_84c0adfb-1327-454d-a9e7-6830393db574.sh
Warning: Permanently added '10.224.0.7' (ED25519) to the list of known hosts.

Authorized uses only. All activity may be monitored and reported.
+ ssh -i sshkey1022407 -o PasswordAuthentication=no -o UserKnownHostsFile=/dev/null -o StrictHostKeyChecking=no -o ConnectTimeout=5 azureuser@10.224.0.7 bash script_file_84c0adfb-1327-454d-a9e7-6830393db574.sh
Warning: Permanently added '10.224.0.7' (ED25519) to the list of known hosts.

Authorized uses only. All activity may be monitored and reported.

------------------------------------ end stderr ------------------------------------
----------------------------------- begin stdout -----------------------------------,
Nov 12 21:54:47 localhost.localdomain kernel: Linux version 5.15.0-1098-azure (buildd@lcy02-amd64-100) (gcc (Ubuntu 11.4.0-1ubuntu1~22.04.2) 11.4.0, GNU ld (GNU Binutils for Ubuntu) 2.38) #107-Ubuntu SMP Thu Oct 2 22:41:20 UTC 2025 (Ubuntu 5.15.0-1098.107-azure 5.15.189)
Nov 12 21:54:47 localhost.localdomain kernel: Command line: BOOT_IMAGE=/boot/vmlinuz-5.15.0-1098-azure root=PARTUUID=fb505a37-7427-4a67-b014-dcfeb6c00245 ro console=tty1 console=ttyS0 earlyprintk=ttyS0 nvme_core.io_timeout=240 apparmor=1 security=apparmor panic=-1
Nov 12 21:54:47 localhost.localdomain kernel: KERNEL supported cpus:
Nov 12 21:54:47 localhost.localdomain kernel:   Intel GenuineIntel
Nov 12 21:54:47 localhost.localdomain kernel:   AMD AuthenticAMD
Nov 12 21:54:47 localhost.localdomain kernel:   Hygon HygonGenuine
Nov 12 21:54:47 localhost.localdomain kernel:   Centaur CentaurHauls
Nov 12 21:54:47 localhost.localdomain kernel:   zhaoxin   Shanghai  
Nov 12 21:54:47 localhost.localdomain kernel: BIOS-provided physical RAM map:
Nov 12 21:54:47 localhost.localdomain kernel: BIOS-e820: [mem 0x0000000000000000-0x000000000009ffff] usable
Nov 12 21:54:47 localhost.localdomain kernel: BIOS-e820: [mem 0x00000000000c0000-0x00000000000fffff] reserved
Nov 12 21:54:47 localhost.localdomain kernel: BIOS-e820: [mem 0x0000000000100000-0x000000003ff40fff] usable
Nov 12 21:54:47 localhost.localdomain kernel: BIOS-e820: [mem 0x000000003ff41000-0x000000003ffc4fff] reserved
Nov 12 21:54:47 localhost.localdomain kernel: BIOS-e820: [mem 0x000000003ffc5000-0x000000003ffd1fff] usable
Nov 12 21:54:47 localhost.localdomain kernel: BIOS-e820: [mem 0x000000003ffd2000-0x000000003fffafff] ACPI data
Nov 12 21:54:47 localhost.localdomain kernel: BIOS-e820: [mem 0x000000003fffb000-0x000000003fffefff] ACPI NVS
Nov 12 21:54:47 localhost.localdomain kernel: BIOS-e820: [mem 0x000000003ffff000-0x000000003fffffff] usable
Nov 12 21:54:47 localhost.localdomain kernel: BIOS-e820: [mem 0x0000000100000000-0x00000002bfffffff] usable
Nov 12 21:54:47 localhost.localdomain kernel: printk: bootconsole [earlyser0] enabled
Nov 12 21:54:47 localhost.localdomain kernel: NX (Execute Disable) protection: active
Nov 12 21:54:47 localhost.localdomain kernel: efi: EFI v2.70 by Microsoft
Nov 12 21:54:47 localhost.localdomain kernel: efi: ACPI=0x3fffa000 ACPI 2.0=0x3fffa014 SMBIOS=0x3ff85000 SMBIOS 3.0=0x3ff83000 MEMATTR=0x3f33e298 MOKvar=0x3ff80000 RNG=0x3ffd2018 
Nov 12 21:54:47 localhost.localdomain kernel: random: crng init done
Nov 12 21:54:47 localhost.localdomain kernel: secureboot: Secure boot disabled
Nov 12 21:54:47 localhost.localdomain kernel: SMBIOS 3.1.0 present.
Nov 12 21:54:47 localhost.localdomain kernel: DMI: Microsoft Corporation Virtual Machine/Virtual Machine, BIOS Hyper-V UEFI Release v4.1 09/28/2024
Nov 12 21:54:47 localhost.localdomain kernel: Hypervisor detected: Microsoft Hyper-V
Nov 12 21:54:47 localhost.localdomain kernel: Hyper-V: privilege flags low 0xae7f, high 0x3b8030, hints 0x140c2c, misc 0xe0bed7b2
Nov 12 21:54:47 localhost.localdomain kernel: Hyper-V Host Build:26100-10.0-1-0.1414
Nov 12 21:54:47 localhost.localdomain kernel: Hyper-V: Nested features: 0x4a0000
Nov 12 21:54:47 localhost.localdomain kernel: Hyper-V: LAPIC Timer Frequency: 0xc3500
Nov 12 21:54:47 localhost.localdomain kernel: Hyper-V: Using hypercall for remote TLB flush
Nov 12 21:54:47 localhost.localdomain kernel: clocksource: hyperv_clocksource_tsc_page: mask: 0xffffffffffffffff max_cycles: 0x24e6a1710, max_idle_ns: 440795202120 ns
Nov 12 21:54:47 localhost.localdomain kernel: tsc: Detected 2596.126 MHz processor
Nov 12 21:54:47 localhost.localdomain kernel: e820: update [mem 0x00000000-0x00000fff] usable ==> reserved
Nov 12 21:54:47 localhost.localdomain kernel: e820: remove [mem 0x000a0000-0x000fffff] usable
Nov 12 21:54:47 localhost.localdomain kernel: last_pfn = 0x2c0000 max_arch_pfn = 0x400000000
Nov 12 21:54:47 localhost.localdomain kernel: x86/PAT: Configuration [0-7]: WB  WC  UC- UC  WB  WP  UC- WT  
Nov 12 21:54:47 localhost.localdomain kernel: e820: update [mem 0x40000000-0xffffffff] usable ==> reserved
Nov 12 21:54:47 localhost.localdomain kernel: last_pfn = 0x40000 max_arch_pfn = 0x400000000
Nov 12 21:54:47 localhost.localdomain kernel: Using GB pages for direct mapping
Nov 12 21:54:47 localhost.localdomain kernel: secureboot: Secure boot disabled
Nov 12 21:54:47 localhost.localdomain kernel: ACPI: Early table checksum verification disabled
Nov 12 21:54:47 localhost.localdomain kernel: ACPI: RSDP 0x000000003FFFA014 000024 (v02 VRTUAL)
Nov 12 21:54:47 localhost.localdomain kernel: ACPI: XSDT 0x000000003FFF90E8 00005C (v01 VRTUAL MICROSFT 00000001 MSFT 00000001)
Nov 12 21:54:47 localhost.localdomain kernel: ACPI: FACP 0x000000003FFF8000 000114 (v06 VRTUAL MICROSFT 00000001 MSFT 00000001)
Nov 12 21:54:47 localhost.localdomain kernel: ACPI: DSDT 0x000000003FFD6000 01E11C (v02 MSFTVM DSDT01   00000001 INTL 20230628)
Nov 12 21:54:47 localhost.localdomain kernel: ACPI: FACS 0x000000003FFFE000 000040
Nov 12 21:54:47 localhost.localdomain kernel: ACPI: OEM0 0x000000003FFF7000 000064 (v01 VRTUAL MICROSFT 00000001 MSFT 00000001)
Nov 12 21:54:47 localhost.localdomain kernel: ACPI: SPCR 0x000000003FFF6000 000050 (v02 VRTUAL MICROSFT 00000001 MSFT 00000001)
Nov 12 21:54:47 localhost.localdomain kernel: ACPI: WAET 0x000000003FFF5000 000028 (v01 VRTUAL MICROSFT 00000001 MSFT 00000001)
Nov 12 21:54:47 localhost.localdomain kernel: ACPI: APIC 0x000000003FFD5000 000058 (v04 VRTUAL MICROSFT 00000001 MSFT 00000001)
Nov 12 21:54:47 localhost.localdomain kernel: ACPI: SRAT 0x000000003FFD4000 0002D0 (v02 VRTUAL MICROSFT 00000001 MSFT 00000001)
Nov 12 21:54:47 localhost.localdomain kernel: ACPI: BGRT 0x000000003FFD3000 000038 (v01 VRTUAL MICROSFT 00000001 MSFT 00000001)
Nov 12 21:54:47 localhost.localdomain kernel: ACPI: Reserving FACP table memory at [mem 0x3fff8000-0x3fff8113]
Nov 12 21:54:47 localhost.localdomain kernel: ACPI: Reserving DSDT table memory at [mem 0x3ffd6000-0x3fff411b]
Nov 12 21:54:47 localhost.localdomain kernel: ACPI: Reserving FACS table memory at [mem 0x3fffe000-0x3fffe03f]
Nov 12 21:54:47 localhost.localdomain kernel: ACPI: Reserving OEM0 table memory at [mem 0x3fff7000-0x3fff7063]
Nov 12 21:54:47 localhost.localdomain kernel: ACPI: Reserving SPCR table memory at [mem 0x3fff6000-0x3fff604f]
Nov 12 21:54:47 localhost.localdomain kernel: ACPI: Reserving WAET table memory at [mem 0x3fff5000-0x3fff5027]
Nov 12 21:54:47 localhost.localdomain kernel: ACPI: Reserving APIC table memory at [mem 0x3ffd5000-0x3ffd5057]
Nov 12 21:54:47 localhost.localdomain kernel: ACPI: Reserving SRAT table memory at [mem 0x3ffd4000-0x3ffd42cf]
Nov 12 21:54:47 localhost.localdomain kernel: ACPI: Reserving BGRT table memory at [mem 0x3ffd3000-0x3ffd3037]
Nov 12 21:54:47 localhost.localdomain kernel: SRAT: PXM 0 -> APIC 0x00 -> Node 0
Nov 12 21:54:47 localhost.localdomain kernel: SRAT: PXM 0 -> APIC 0x01 -> Node 0
Nov 12 21:54:47 localhost.localdomain kernel: ACPI: SRAT: Node 0 PXM 0 [mem 0x00000000-0x3fffffff] hotplug
Nov 12 21:54:47 localhost.localdomain kernel: ACPI: SRAT: Node 0 PXM 0 [mem 0x100000000-0x2bfffffff] hotplug
Nov 12 21:54:47 localhost.localdomain kernel: ACPI: SRAT: Node 0 PXM 0 [mem 0x2c0000000-0xfbfffffff] hotplug
Nov 12 21:54:47 localhost.localdomain kernel: ACPI: SRAT: Node 0 PXM 0 [mem 0x1000000000-0xfcffffffff] hotplug
Nov 12 21:54:47 localhost.localdomain kernel: ACPI: SRAT: Node 0 PXM 0 [mem 0x10000000000-0x1ffffffffff] hotplug
Nov 12 21:54:47 localhost.localdomain kernel: ACPI: SRAT: Node 0 PXM 0 [mem 0x20000000000-0x3ffffffffff] hotplug
Nov 12 21:54:47 localhost.localdomain kernel: ACPI: SRAT: Node 0 PXM 0 [mem 0x40000000000-0x7ffffffffff] hotplug
Nov 12 21:54:47 localhost.localdomain kernel: ACPI: SRAT: Node 0 PXM 0 [mem 0x80000000000-0xfffffffffff] hotplug
Nov 12 21:54:47 localhost.localdomain kernel: ACPI: SRAT: Node 0 PXM 0 [mem 0x100000000000-0x1fffffffffff] hotplug
Nov 12 21:54:47 localhost.localdomain kernel: ACPI: SRAT: Node 0 PXM 0 [mem 0x200000000000-0x3fffffffffff] hotplug
Nov 12 21:54:47 localhost.localdomain kernel: ACPI: SRAT: Node 0 PXM 0 [mem 0x400000000000-0x7fffffffffff] hotplug
Nov 12 21:54:47 localhost.localdomain kernel: ACPI: SRAT: Node 0 PXM 0 [mem 0x800000000000-0xffffffffffff] hotplug
Nov 12 21:54:47 localhost.localdomain kernel: ACPI: SRAT: Node 0 PXM 0 [mem 0x1000000000000-0x1ffffffffffff] hotplug
Nov 12 21:54:47 localhost.localdomain kernel: ACPI: SRAT: Node 0 PXM 0 [mem 0x2000000000000-0x3ffffffffffff] hotplug
Nov 12 21:54:47 localhost.localdomain kernel: ACPI: SRAT: Node 0 PXM 0 [mem 0x4000000000000-0x7ffffffffffff] hotplug
Nov 12 21:54:47 localhost.localdomain kernel: ACPI: SRAT: Node 0 PXM 0 [mem 0x8000000000000-0xfffffffffffff] hotplug
Nov 12 21:54:47 localhost.localdomain kernel: NUMA: Node 0 [mem 0x00000000-0x3fffffff] + [mem 0x100000000-0x2bfffffff] -> [mem 0x00000000-0x2bfffffff]
Nov 12 21:54:47 localhost.localdomain kernel: NODE_DATA(0) allocated [mem 0x2bffd5000-0x2bfffefff]
Nov 12 21:54:47 localhost.localdomain kernel: Zone ranges:
Nov 12 21:54:47 localhost.localdomain kernel:   DMA      [mem 0x0000000000001000-0x0000000000ffffff]
Nov 12 21:54:47 localhost.localdomain kernel:   DMA32    [mem 0x0000000001000000-0x00000000ffffffff]
Nov 12 21:54:47 localhost.localdomain kernel:   Normal   [mem 0x0000000100000000-0x00000002bfffffff]
Nov 12 21:54:47 localhost.localdomain kernel:   Device   empty
Nov 12 21:54:47 localhost.localdomain kernel: Movable zone start for each node
Nov 12 21:54:47 localhost.localdomain kernel: Early memory node ranges
Nov 12 21:54:47 localhost.localdomain kernel:   node   0: [mem 0x0000000000001000-0x000000000009ffff]
Nov 12 21:54:47 localhost.localdomain kernel:   node   0: [mem 0x0000000000100000-0x000000003ff40fff]
Nov 12 21:54:47 localhost.localdomain kernel:   node   0: [mem 0x000000003ffc5000-0x000000003ffd1fff]
Nov 12 21:54:47 localhost.localdomain kernel:   node   0: [mem 0x000000003ffff000-0x000000003fffffff]
Nov 12 21:54:47 localhost.localdomain kernel:   node   0: [mem 0x0000000100000000-0x00000002bfffffff]
Nov 12 21:54:47 localhost.localdomain kernel: Initmem setup node 0 [mem 0x0000000000001000-0x00000002bfffffff]
Nov 12 21:54:47 localhost.localdomain kernel: On node 0, zone DMA: 1 pages in unavailable ranges
Nov 12 21:54:47 localhost.localdomain kernel: On node 0, zone DMA: 96 pages in unavailable ranges
Nov 12 21:54:47 localhost.localdomain kernel: On node 0, zone DMA32: 132 pages in unavailable ranges
Nov 12 21:54:47 localhost.localdomain kernel: On node 0, zone DMA32: 45 pages in unavailable ranges
Nov 12 21:54:47 localhost.localdomain kernel: ACPI: PM-Timer IO Port: 0x408
Nov 12 21:54:47 localhost.localdomain kernel: ACPI: LAPIC_NMI (acpi_id[0x01] dfl dfl lint[0x1])
Nov 12 21:54:47 localhost.localdomain kernel: IOAPIC[0]: apic_id 2, version 17, address 0xfec00000, GSI 0-23
Nov 12 21:54:47 localhost.localdomain kernel: ACPI: INT_SRC_OVR (bus 0 bus_irq 9 global_irq 9 high level)
Nov 12 21:54:47 localhost.localdomain kernel: ACPI: Using ACPI (MADT) for SMP configuration information
Nov 12 21:54:47 localhost.localdomain kernel: ACPI: SPCR: console: uart,io,0x3f8,115200
Nov 12 21:54:47 localhost.localdomain kernel: smpboot: Allowing 2 CPUs, 0 hotplug CPUs
Nov 12 21:54:47 localhost.localdomain kernel: PM: hibernation: Registered nosave memory: [mem 0x00000000-0x00000fff]
Nov 12 21:54:47 localhost.localdomain kernel: PM: hibernation: Registered nosave memory: [mem 0x000a0000-0x000fffff]
Nov 12 21:54:47 localhost.localdomain kernel: PM: hibernation: Registered nosave memory: [mem 0x3ff41000-0x3ffc4fff]
Nov 12 21:54:47 localhost.localdomain kernel: PM: hibernation: Registered nosave memory: [mem 0x3ffd2000-0x3fffefff]
Nov 12 21:54:47 localhost.localdomain kernel: PM: hibernation: Registered nosave memory: [mem 0x40000000-0xffffffff]
Nov 12 21:54:47 localhost.localdomain kernel: [mem 0x40000000-0xffffffff] available for PCI devices
Nov 12 21:54:47 localhost.localdomain kernel: Booting paravirtualized kernel on Hyper-V
Nov 12 21:54:47 localhost.localdomain kernel: clocksource: refined-jiffies: mask: 0xffffffff max_cycles: 0xffffffff, max_idle_ns: 7645519600211568 ns
Nov 12 21:54:47 localhost.localdomain kernel: setup_percpu: NR_CPUS:8192 nr_cpumask_bits:2 nr_cpu_ids:2 nr_node_ids:1
Nov 12 21:54:47 localhost.localdomain kernel: percpu: Embedded 61 pages/cpu s212992 r8192 d28672 u1048576
Nov 12 21:54:47 localhost.localdomain kernel: pcpu-alloc: s212992 r8192 d28672 u1048576 alloc=1*2097152
Nov 12 21:54:47 localhost.localdomain kernel: pcpu-alloc: [0] 0 1 
Nov 12 21:54:47 localhost.localdomain kernel: Hyper-V: PV spinlocks enabled
Nov 12 21:54:47 localhost.localdomain kernel: PV qspinlock hash table entries: 256 (order: 0, 4096 bytes, linear)
Nov 12 21:54:47 localhost.localdomain kernel: Built 1 zonelists, mobility grouping on.  Total pages: 2062375
Nov 12 21:54:47 localhost.localdomain kernel: Policy zone: Normal
Nov 12 21:54:47 localhost.localdomain kernel: Kernel command line: BOOT_IMAGE=/boot/vmlinuz-5.15.0-1098-azure root=PARTUUID=fb505a37-7427-4a67-b014-dcfeb6c00245 ro console=tty1 console=ttyS0 earlyprintk=ttyS0 nvme_core.io_timeout=240 apparmor=1 security=apparmor panic=-1
Nov 12 21:54:47 localhost.localdomain kernel: Unknown kernel command line parameters "BOOT_IMAGE=/boot/vmlinuz-5.15.0-1098-azure", will be passed to user space.
Nov 12 21:54:47 localhost.localdomain kernel: Dentry cache hash table entries: 1048576 (order: 11, 8388608 bytes, linear)
Nov 12 21:54:47 localhost.localdomain kernel: Inode-cache hash table entries: 524288 (order: 10, 4194304 bytes, linear)
Nov 12 21:54:47 localhost.localdomain kernel: mem auto-init: stack:off, heap alloc:on, heap free:off
Nov 12 21:54:47 localhost.localdomain kernel: Memory: 8103728K/8387512K available (16393K kernel code, 4305K rwdata, 10548K rodata, 3016K init, 17096K bss, 283524K reserved, 0K cma-reserved)
Nov 12 21:54:47 localhost.localdomain kernel: SLUB: HWalign=64, Order=0-3, MinObjects=0, CPUs=2, Nodes=1
Nov 12 21:54:47 localhost.localdomain kernel: ftrace: allocating 49082 entries in 192 pages
Nov 12 21:54:47 localhost.localdomain kernel: ftrace: allocated 192 pages with 2 groups
Nov 12 21:54:47 localhost.localdomain kernel: rcu: Hierarchical RCU implementation.
Nov 12 21:54:47 localhost.localdomain kernel: rcu:         RCU restricting CPUs from NR_CPUS=8192 to nr_cpu_ids=2.
Nov 12 21:54:47 localhost.localdomain kernel:         Rude variant of Tasks RCU enabled.
Nov 12 21:54:47 localhost.localdomain kernel:         Tracing variant of Tasks RCU enabled.
Nov 12 21:54:47 localhost.localdomain kernel: rcu: RCU calculated value of scheduler-enlistment delay is 25 jiffies.
Nov 12 21:54:47 localhost.localdomain kernel: rcu: Adjusting geometry for rcu_fanout_leaf=16, nr_cpu_ids=2
Nov 12 21:54:47 localhost.localdomain kernel: Using NULL legacy PIC
Nov 12 21:54:47 localhost.localdomain kernel: NR_IRQS: 524544, nr_irqs: 440, preallocated irqs: 0
Nov 12 21:54:47 localhost.localdomain kernel: Console: colour dummy device 80x25
Nov 12 21:54:47 localhost.localdomain kernel: printk: console [tty1] enabled
Nov 12 21:54:47 localhost.localdomain kernel: printk: console [ttyS0] enabled
Nov 12 21:54:47 localhost.localdomain kernel: printk: bootconsole [earlyser0] disabled
Nov 12 21:54:47 localhost.localdomain kernel: ACPI: Core revision 20210730
Nov 12 21:54:47 localhost.localdomain kernel: Failed to register legacy timer interrupt
Nov 12 21:54:47 localhost.localdomain kernel: APIC: Switch to symmetric I/O mode setup
Nov 12 21:54:47 localhost.localdomain kernel: Hyper-V: Using IPI hypercalls
Nov 12 21:54:47 localhost.localdomain kernel: Hyper-V: Using enlightened APIC (xapic mode)
Nov 12 21:54:47 localhost.localdomain kernel: clocksource: tsc-early: mask: 0xffffffffffffffff max_cycles: 0x256bf0a106d, max_idle_ns: 440795262885 ns
Nov 12 21:54:47 localhost.localdomain kernel: Calibrating delay loop (skipped), value calculated using timer frequency.. 5192.25 BogoMIPS (lpj=10384504)
Nov 12 21:54:47 localhost.localdomain kernel: x86/cpu: User Mode Instruction Prevention (UMIP) activated
Nov 12 21:54:47 localhost.localdomain kernel: Last level iTLB entries: 4KB 512, 2MB 512, 4MB 256
Nov 12 21:54:47 localhost.localdomain kernel: Last level dTLB entries: 4KB 3072, 2MB 3072, 4MB 1536, 1GB 0
Nov 12 21:54:47 localhost.localdomain kernel: Spectre V1 : Mitigation: usercopy/swapgs barriers and __user pointer sanitization
Nov 12 21:54:47 localhost.localdomain kernel: Spectre V2 : Mitigation: Retpolines
Nov 12 21:54:47 localhost.localdomain kernel: Spectre V2 : Spectre v2 / SpectreRSB: Filling RSB on context switch and VMEXIT
Nov 12 21:54:47 localhost.localdomain kernel: Speculative Store Bypass: Vulnerable
Nov 12 21:54:47 localhost.localdomain kernel: Speculative Return Stack Overflow: IBPB-extending microcode not applied!
Nov 12 21:54:47 localhost.localdomain kernel: Speculative Return Stack Overflow: WARNING: See https://kernel.org/doc/html/latest/admin-guide/hw-vuln/srso.html for mitigation options.
Nov 12 21:54:47 localhost.localdomain kernel: Speculative Return Stack Overflow: Mitigation: safe RET, no microcode
Nov 12 21:54:47 localhost.localdomain kernel: Transient Scheduler Attacks: Forcing mitigation on in a VM
Nov 12 21:54:47 localhost.localdomain kernel: Transient Scheduler Attacks: Vulnerable: Clear CPU buffers attempted, no microcode
Nov 12 21:54:47 localhost.localdomain kernel: x86/fpu: Supporting XSAVE feature 0x001: 'x87 floating point registers'
Nov 12 21:54:47 localhost.localdomain kernel: x86/fpu: Supporting XSAVE feature 0x002: 'SSE registers'
Nov 12 21:54:47 localhost.localdomain kernel: x86/fpu: Supporting XSAVE feature 0x004: 'AVX registers'
Nov 12 21:54:47 localhost.localdomain kernel: x86/fpu: Supporting XSAVE feature 0x020: 'AVX-512 opmask'
Nov 12 21:54:47 localhost.localdomain kernel: x86/fpu: Supporting XSAVE feature 0x040: 'AVX-512 Hi256'
Nov 12 21:54:47 localhost.localdomain kernel: x86/fpu: Supporting XSAVE feature 0x080: 'AVX-512 ZMM_Hi256'
Nov 12 21:54:47 localhost.localdomain kernel: x86/fpu: xstate_offset[2]:  576, xstate_sizes[2]:  256
Nov 12 21:54:47 localhost.localdomain kernel: x86/fpu: xstate_offset[5]:  832, xstate_sizes[5]:   64
Nov 12 21:54:47 localhost.localdomain kernel: x86/fpu: xstate_offset[6]:  896, xstate_sizes[6]:  512
Nov 12 21:54:47 localhost.localdomain kernel: x86/fpu: xstate_offset[7]: 1408, xstate_sizes[7]: 1024
Nov 12 21:54:47 localhost.localdomain kernel: x86/fpu: Enabled xstate features 0xe7, context size is 2432 bytes, using 'compacted' format.
Nov 12 21:54:47 localhost.localdomain kernel: Freeing SMP alternatives memory: 44K
Nov 12 21:54:47 localhost.localdomain kernel: pid_max: default: 32768 minimum: 301
Nov 12 21:54:47 localhost.localdomain kernel: LSM: Security Framework initializing
Nov 12 21:54:47 localhost.localdomain kernel: landlock: Up and running.
Nov 12 21:54:47 localhost.localdomain kernel: Yama: becoming mindful.
Nov 12 21:54:47 localhost.localdomain kernel: AppArmor: AppArmor initialized
Nov 12 21:54:47 localhost.localdomain kernel: Mount-cache hash table entries: 16384 (order: 5, 131072 bytes, linear)
Nov 12 21:54:47 localhost.localdomain kernel: Mountpoint-cache hash table entries: 16384 (order: 5, 131072 bytes, linear)
Nov 12 21:54:47 localhost.localdomain kernel: smpboot: CPU0: AMD EPYC 9V74 80-Core Processor (family: 0x19, model: 0x11, stepping: 0x1)
Nov 12 21:54:47 localhost.localdomain kernel: Performance Events: PMU not available due to virtualization, using software events only.
Nov 12 21:54:47 localhost.localdomain kernel: signal: max sigframe size: 3376
Nov 12 21:54:47 localhost.localdomain kernel: rcu: Hierarchical SRCU implementation.
Nov 12 21:54:47 localhost.localdomain kernel: NMI watchdog: Perf NMI watchdog permanently disabled
Nov 12 21:54:47 localhost.localdomain kernel: smp: Bringing up secondary CPUs ...
Nov 12 21:54:47 localhost.localdomain kernel: x86: Booting SMP configuration:
Nov 12 21:54:47 localhost.localdomain kernel: .... node  #0, CPUs:      #1
Nov 12 21:54:47 localhost.localdomain kernel: smp: Brought up 1 node, 2 CPUs
Nov 12 21:54:47 localhost.localdomain kernel: smpboot: Max logical packages: 1
Nov 12 21:54:47 localhost.localdomain kernel: smpboot: Total of 2 processors activated (10384.50 BogoMIPS)
Nov 12 21:54:47 localhost.localdomain kernel: devtmpfs: initialized
Nov 12 21:54:47 localhost.localdomain kernel: x86/mm: Memory block size: 128MB
Nov 12 21:54:47 localhost.localdomain kernel: ACPI: PM: Registering ACPI NVS region [mem 0x3fffb000-0x3fffefff] (16384 bytes)
Nov 12 21:54:47 localhost.localdomain kernel: clocksource: jiffies: mask: 0xffffffff max_cycles: 0xffffffff, max_idle_ns: 7645041785100000 ns
Nov 12 21:54:47 localhost.localdomain kernel: futex hash table entries: 512 (order: 3, 32768 bytes, linear)
Nov 12 21:54:47 localhost.localdomain kernel: pinctrl core: initialized pinctrl subsystem
Nov 12 21:54:47 localhost.localdomain kernel: PM: RTC time: 21:54:44, date: 2025-11-12
Nov 12 21:54:47 localhost.localdomain kernel: NET: Registered PF_NETLINK/PF_ROUTE protocol family
Nov 12 21:54:47 localhost.localdomain kernel: DMA: preallocated 1024 KiB GFP_KERNEL pool for atomic allocations
Nov 12 21:54:47 localhost.localdomain kernel: DMA: preallocated 1024 KiB GFP_KERNEL|GFP_DMA pool for atomic allocations
Nov 12 21:54:47 localhost.localdomain kernel: DMA: preallocated 1024 KiB GFP_KERNEL|GFP_DMA32 pool for atomic allocations
Nov 12 21:54:47 localhost.localdomain kernel: audit: initializing netlink subsys (disabled)
Nov 12 21:54:47 localhost.localdomain kernel: audit: type=2000 audit(1762984484.048:1): state=initialized audit_enabled=0 res=1
Nov 12 21:54:47 localhost.localdomain kernel: thermal_sys: Registered thermal governor 'fair_share'
Nov 12 21:54:47 localhost.localdomain kernel: thermal_sys: Registered thermal governor 'bang_bang'
Nov 12 21:54:47 localhost.localdomain kernel: thermal_sys: Registered thermal governor 'step_wise'
Nov 12 21:54:47 localhost.localdomain kernel: thermal_sys: Registered thermal governor 'user_space'
Nov 12 21:54:47 localhost.localdomain kernel: thermal_sys: Registered thermal governor 'power_allocator'
Nov 12 21:54:47 localhost.localdomain kernel: cpuidle: using governor ladder
Nov 12 21:54:47 localhost.localdomain kernel: cpuidle: using governor menu
Nov 12 21:54:47 localhost.localdomain kernel: ACPI: bus type PCI registered
Nov 12 21:54:47 localhost.localdomain kernel: acpiphp: ACPI Hot Plug PCI Controller Driver version: 0.5
Nov 12 21:54:47 localhost.localdomain kernel: kprobes: kprobe jump-optimization is enabled. All kprobes are optimized if possible.
Nov 12 21:54:47 localhost.localdomain kernel: HugeTLB registered 1.00 GiB page size, pre-allocated 0 pages
Nov 12 21:54:47 localhost.localdomain kernel: HugeTLB registered 2.00 MiB page size, pre-allocated 0 pages
Nov 12 21:54:47 localhost.localdomain kernel: ACPI: Added _OSI(Module Device)
Nov 12 21:54:47 localhost.localdomain kernel: ACPI: Added _OSI(Processor Device)
Nov 12 21:54:47 localhost.localdomain kernel: ACPI: Added _OSI(Processor Aggregator Device)
Nov 12 21:54:47 localhost.localdomain kernel: ACPI: Added _OSI(Linux-Dell-Video)
Nov 12 21:54:47 localhost.localdomain kernel: ACPI: Added _OSI(Linux-Lenovo-NV-HDMI-Audio)
Nov 12 21:54:47 localhost.localdomain kernel: ACPI: Added _OSI(Linux-HPI-Hybrid-Graphics)
Nov 12 21:54:47 localhost.localdomain kernel: ACPI: 1 ACPI AML tables successfully acquired and loaded
Nov 12 21:54:47 localhost.localdomain kernel: ACPI: Interpreter enabled
Nov 12 21:54:47 localhost.localdomain kernel: ACPI: PM: (supports S0 S5)
Nov 12 21:54:47 localhost.localdomain kernel: ACPI: Using IOAPIC for interrupt routing
Nov 12 21:54:47 localhost.localdomain kernel: PCI: Using host bridge windows from ACPI; if necessary, use "pci=nocrs" and report a bug
Nov 12 21:54:47 localhost.localdomain kernel: PCI: Using E820 reservations for host bridge windows
Nov 12 21:54:47 localhost.localdomain kernel: ACPI: Enabled 1 GPEs in block 00 to 0F
Nov 12 21:54:47 localhost.localdomain kernel: iommu: Default domain type: Translated 
Nov 12 21:54:47 localhost.localdomain kernel: iommu: DMA domain TLB invalidation policy: lazy mode 
Nov 12 21:54:47 localhost.localdomain kernel: SCSI subsystem initialized
Nov 12 21:54:47 localhost.localdomain kernel: libata version 3.00 loaded.
Nov 12 21:54:47 localhost.localdomain kernel: vgaarb: loaded
Nov 12 21:54:47 localhost.localdomain kernel: ACPI: bus type USB registered
Nov 12 21:54:47 localhost.localdomain kernel: usbcore: registered new interface driver usbfs
Nov 12 21:54:47 localhost.localdomain kernel: usbcore: registered new interface driver hub
Nov 12 21:54:47 localhost.localdomain kernel: usbcore: registered new device driver usb
Nov 12 21:54:47 localhost.localdomain kernel: pps_core: LinuxPPS API ver. 1 registered
Nov 12 21:54:47 localhost.localdomain kernel: pps_core: Software ver. 5.3.6 - Copyright 2005-2007 Rodolfo Giometti <giometti@linux.it>
Nov 12 21:54:47 localhost.localdomain kernel: PTP clock support registered
Nov 12 21:54:47 localhost.localdomain kernel: EDAC MC: Ver: 3.0.0
Nov 12 21:54:47 localhost.localdomain kernel: Registered efivars operations
Nov 12 21:54:47 localhost.localdomain kernel: hv_vmbus: Vmbus version:5.3
Nov 12 21:54:47 localhost.localdomain kernel: NetLabel: Initializing
Nov 12 21:54:47 localhost.localdomain kernel: NetLabel:  domain hash size = 128
Nov 12 21:54:47 localhost.localdomain kernel: NetLabel:  protocols = UNLABELED CIPSOv4 CALIPSO
Nov 12 21:54:47 localhost.localdomain kernel: NetLabel:  unlabeled traffic allowed by default
Nov 12 21:54:47 localhost.localdomain kernel: PCI: Using ACPI for IRQ routing
Nov 12 21:54:47 localhost.localdomain kernel: PCI: System does not support PCI
Nov 12 21:54:47 localhost.localdomain kernel: clocksource: Switched to clocksource tsc-early
Nov 12 21:54:47 localhost.localdomain kernel: VFS: Disk quotas dquot_6.6.0
Nov 12 21:54:47 localhost.localdomain kernel: VFS: Dquot-cache hash table entries: 512 (order 0, 4096 bytes)
Nov 12 21:54:47 localhost.localdomain kernel: AppArmor: AppArmor Filesystem Enabled
Nov 12 21:54:47 localhost.localdomain kernel: pnp: PnP ACPI init
Nov 12 21:54:47 localhost.localdomain kernel: pnp: PnP ACPI: found 3 devices
Nov 12 21:54:47 localhost.localdomain kernel: clocksource: acpi_pm: mask: 0xffffff max_cycles: 0xffffff, max_idle_ns: 2085701024 ns
Nov 12 21:54:47 localhost.localdomain kernel: NET: Registered PF_INET protocol family
Nov 12 21:54:47 localhost.localdomain kernel: IP idents hash table entries: 131072 (order: 8, 1048576 bytes, linear)
Nov 12 21:54:47 localhost.localdomain kernel: tcp_listen_portaddr_hash hash table entries: 4096 (order: 4, 65536 bytes, linear)
Nov 12 21:54:47 localhost.localdomain kernel: Table-perturb hash table entries: 65536 (order: 6, 262144 bytes, linear)
Nov 12 21:54:47 localhost.localdomain kernel: TCP established hash table entries: 65536 (order: 7, 524288 bytes, linear)
Nov 12 21:54:47 localhost.localdomain kernel: TCP bind hash table entries: 65536 (order: 8, 1048576 bytes, linear)
Nov 12 21:54:47 localhost.localdomain kernel: TCP: Hash tables configured (established 65536 bind 65536)
Nov 12 21:54:47 localhost.localdomain kernel: MPTCP token hash table entries: 8192 (order: 5, 196608 bytes, linear)
Nov 12 21:54:47 localhost.localdomain kernel: UDP hash table entries: 4096 (order: 5, 131072 bytes, linear)
Nov 12 21:54:47 localhost.localdomain kernel: UDP-Lite hash table entries: 4096 (order: 5, 131072 bytes, linear)
Nov 12 21:54:47 localhost.localdomain kernel: NET: Registered PF_UNIX/PF_LOCAL protocol family
Nov 12 21:54:47 localhost.localdomain kernel: NET: Registered PF_XDP protocol family
Nov 12 21:54:47 localhost.localdomain kernel: PCI: CLS 0 bytes, default 64
Nov 12 21:54:47 localhost.localdomain kernel: PCI-DMA: Using software bounce buffering for IO (SWIOTLB)
Nov 12 21:54:47 localhost.localdomain kernel: software IO TLB: mapped [mem 0x000000003a8dd000-0x000000003e8dd000] (64MB)
Nov 12 21:54:47 localhost.localdomain kernel: clocksource: tsc: mask: 0xffffffffffffffff max_cycles: 0x256bf0a106d, max_idle_ns: 440795262885 ns
Nov 12 21:54:47 localhost.localdomain kernel: clocksource: Switched to clocksource tsc
Nov 12 21:54:47 localhost.localdomain kernel: Initialise system trusted keyrings
Nov 12 21:54:47 localhost.localdomain kernel: Key type blacklist registered
Nov 12 21:54:47 localhost.localdomain kernel: workingset: timestamp_bits=36 max_order=21 bucket_order=0
Nov 12 21:54:47 localhost.localdomain kernel: zbud: loaded
Nov 12 21:54:47 localhost.localdomain kernel: squashfs: version 4.0 (2009/01/31) Phillip Lougher
Nov 12 21:54:47 localhost.localdomain kernel: fuse: init (API version 7.34)
Nov 12 21:54:47 localhost.localdomain kernel: integrity: Platform Keyring initialized
Nov 12 21:54:47 localhost.localdomain kernel: Key type asymmetric registered
Nov 12 21:54:47 localhost.localdomain kernel: Asymmetric key parser 'x509' registered
Nov 12 21:54:47 localhost.localdomain kernel: Block layer SCSI generic (bsg) driver version 0.4 loaded (major 244)
Nov 12 21:54:47 localhost.localdomain kernel: io scheduler mq-deadline registered
Nov 12 21:54:47 localhost.localdomain kernel: shpchp: Standard Hot Plug PCI Controller Driver version: 0.4
Nov 12 21:54:47 localhost.localdomain kernel: hv_vmbus: registering driver hv_pci
Nov 12 21:54:47 localhost.localdomain kernel: hv_pci 7ad35d50-c05b-47ab-b3a0-56a9a845852b: PCI VMBus probing: Using version 0x10004
Nov 12 21:54:47 localhost.localdomain kernel: hv_pci 7ad35d50-c05b-47ab-b3a0-56a9a845852b: PCI host bridge to bus c05b:00
Nov 12 21:54:47 localhost.localdomain kernel: pci_bus c05b:00: root bus resource [mem 0xfc0000000-0xfc007ffff window]
Nov 12 21:54:47 localhost.localdomain kernel: pci_bus c05b:00: No busn resource found for root bus, will use [bus 00-ff]
Nov 12 21:54:47 localhost.localdomain kernel: pci c05b:00:00.0: [1414:00a9] type 00 class 0x010802
Nov 12 21:54:47 localhost.localdomain kernel: pci c05b:00:00.0: reg 0x10: [mem 0xfc0000000-0xfc007ffff 64bit]
Nov 12 21:54:47 localhost.localdomain kernel: pci c05b:00:00.0: 32.000 Gb/s available PCIe bandwidth, limited by 2.5 GT/s PCIe x16 link at c05b:00:00.0 (capable of 1024.000 Gb/s with 64.0 GT/s PCIe x16 link)
Nov 12 21:54:47 localhost.localdomain kernel: pci_bus c05b:00: busn_res: [bus 00-ff] end is updated to 00
Nov 12 21:54:47 localhost.localdomain kernel: pci c05b:00:00.0: BAR 0: assigned [mem 0xfc0000000-0xfc007ffff 64bit]
Nov 12 21:54:47 localhost.localdomain kernel: Serial: 8250/16550 driver, 32 ports, IRQ sharing enabled
Nov 12 21:54:47 localhost.localdomain kernel: 00:00: ttyS0 at I/O 0x3f8 (irq = 4, base_baud = 115200) is a 16550A
Nov 12 21:54:47 localhost.localdomain kernel: 00:01: ttyS1 at I/O 0x2f8 (irq = 3, base_baud = 115200) is a 16550A
Nov 12 21:54:47 localhost.localdomain kernel: Linux agpgart interface v0.103
Nov 12 21:54:47 localhost.localdomain kernel: loop: module loaded
Nov 12 21:54:47 localhost.localdomain kernel: hv_vmbus: registering driver hv_storvsc
Nov 12 21:54:47 localhost.localdomain kernel: nvme nvme0: pci function c05b:00:00.0
Nov 12 21:54:47 localhost.localdomain kernel: tun: Universal TUN/TAP device driver, 1.6
Nov 12 21:54:47 localhost.localdomain kernel: nvme c05b:00:00.0: enabling device (0000 -> 0002)
Nov 12 21:54:47 localhost.localdomain kernel: PPP generic driver version 2.4.2
Nov 12 21:54:47 localhost.localdomain kernel: scsi host0: storvsc_host_t
Nov 12 21:54:47 localhost.localdomain kernel: VFIO - User Level meta-driver version: 0.3
Nov 12 21:54:47 localhost.localdomain kernel: i8042: PNP: No PS/2 controller found.
Nov 12 21:54:47 localhost.localdomain kernel: mousedev: PS/2 mouse device common for all mice
Nov 12 21:54:47 localhost.localdomain kernel: rtc_cmos 00:02: registered as rtc0
Nov 12 21:54:47 localhost.localdomain kernel: rtc_cmos 00:02: setting system clock to 2025-11-12T21:54:45 UTC (1762984485)
Nov 12 21:54:47 localhost.localdomain kernel: rtc_cmos 00:02: alarms up to one month, 114 bytes nvram
Nov 12 21:54:47 localhost.localdomain kernel: device-mapper: core: CONFIG_IMA_DISABLE_HTABLE is disabled. Duplicate IMA measurements will not be recorded in the IMA log.
Nov 12 21:54:47 localhost.localdomain kernel: device-mapper: uevent: version 1.0.3
Nov 12 21:54:47 localhost.localdomain kernel: device-mapper: ioctl: 4.45.0-ioctl (2021-03-22) initialised: dm-devel@redhat.com
Nov 12 21:54:47 localhost.localdomain kernel: EFI Variables Facility v0.08 2004-May-17
Nov 12 21:54:47 localhost.localdomain kernel: hv_utils: Registering HyperV Utility Driver
Nov 12 21:54:47 localhost.localdomain kernel: hv_vmbus: registering driver hv_utils
Nov 12 21:54:47 localhost.localdomain kernel: hv_vmbus: registering driver hv_balloon
Nov 12 21:54:47 localhost.localdomain kernel: drop_monitor: Initializing network drop monitor service
Nov 12 21:54:47 localhost.localdomain kernel: hv_utils: Heartbeat IC version 3.0
Nov 12 21:54:47 localhost.localdomain kernel: NET: Registered PF_INET6 protocol family
Nov 12 21:54:47 localhost.localdomain kernel: hv_utils: Shutdown IC version 3.2
Nov 12 21:54:47 localhost.localdomain kernel: hv_utils: TimeSync IC version 4.0
Nov 12 21:54:47 localhost.localdomain kernel: hv_balloon: Using Dynamic Memory protocol version 2.0
Nov 12 21:54:47 localhost.localdomain kernel: Segment Routing with IPv6
Nov 12 21:54:47 localhost.localdomain kernel: In-situ OAM (IOAM) with IPv6
Nov 12 21:54:47 localhost.localdomain kernel: NET: Registered PF_PACKET protocol family
Nov 12 21:54:47 localhost.localdomain kernel: Key type dns_resolver registered
Nov 12 21:54:47 localhost.localdomain kernel: IPI shorthand broadcast: enabled
Nov 12 21:54:47 localhost.localdomain kernel: scsi 0:0:0:2: CD-ROM            Msft     Virtual DVD-ROM  1.0  PQ: 0 ANSI: 5
Nov 12 21:54:47 localhost.localdomain kernel: sr 0:0:0:2: [sr0] scsi-1 drive
Nov 12 21:54:47 localhost.localdomain kernel: sched_clock: Marking stable (936528141, 25383600)->(1103550400, -141638659)
Nov 12 21:54:47 localhost.localdomain kernel: cdrom: Uniform CD-ROM driver Revision: 3.20
Nov 12 21:54:47 localhost.localdomain kernel: registered taskstats version 1
Nov 12 21:54:47 localhost.localdomain kernel: sr 0:0:0:2: Attached scsi CD-ROM sr0
Nov 12 21:54:47 localhost.localdomain kernel: sr 0:0:0:2: Attached scsi generic sg0 type 5
Nov 12 21:54:47 localhost.localdomain kernel: Loading compiled-in X.509 certificates
Nov 12 21:54:47 localhost.localdomain kernel: Loaded X.509 cert 'Build time autogenerated kernel key: 302ee0a59b52843c8275b2ee4013b769a92c59c9'
Nov 12 21:54:47 localhost.localdomain kernel: Loaded X.509 cert 'Canonical Ltd. Live Patch Signing 2025 Kmod: d541cef61dc7e793b7eb7e899970a2eef0b5dc8c'
Nov 12 21:54:47 localhost.localdomain kernel: nvme nvme0: 2/0/0 default/read/poll queues
Nov 12 21:54:47 localhost.localdomain kernel: Loaded X.509 cert 'Canonical Ltd. Live Patch Signing: 14df34d1a87cf37625abec039ef2bf521249b969'
Nov 12 21:54:47 localhost.localdomain kernel: Loaded X.509 cert 'Canonical Ltd. Kernel Module Signing: 88f752e560a1e0737e31163a466ad7b70a850c19'
Nov 12 21:54:47 localhost.localdomain kernel: GPT:Primary header thinks Alt. header is not at the end of the disk.
Nov 12 21:54:47 localhost.localdomain kernel: blacklist: Loading compiled-in revocation X.509 certificates
Nov 12 21:54:47 localhost.localdomain kernel: Loaded X.509 cert 'Canonical Ltd. Secure Boot Signing: 61482aa2830d0ab2ad5af10b7250da9033ddcef0'
Nov 12 21:54:47 localhost.localdomain kernel: Loaded X.509 cert 'Canonical Ltd. Secure Boot Signing (2017): 242ade75ac4a15e50d50c84b0d45ff3eae707a03'
Nov 12 21:54:47 localhost.localdomain kernel: Loaded X.509 cert 'Canonical Ltd. Secure Boot Signing (ESM 2018): 365188c1d374d6b07c3c8f240f8ef722433d6a8b'
Nov 12 21:54:47 localhost.localdomain kernel: Loaded X.509 cert 'Canonical Ltd. Secure Boot Signing (2019): c0746fd6c5da3ae827864651ad66ae47fe24b3e8'
Nov 12 21:54:47 localhost.localdomain kernel: Loaded X.509 cert 'Canonical Ltd. Secure Boot Signing (2021 v1): a8d54bbb3825cfb94fa13c9f8a594a195c107b8d'
Nov 12 21:54:47 localhost.localdomain kernel: GPT:62916607 != 104857599
Nov 12 21:54:47 localhost.localdomain kernel: Loaded X.509 cert 'Canonical Ltd. Secure Boot Signing (2021 v2): 4cf046892d6fd3c9a5b03f98d845f90851dc6a8c'
Nov 12 21:54:47 localhost.localdomain kernel: GPT:Alternate GPT header not at the end of the disk.
Nov 12 21:54:47 localhost.localdomain kernel: GPT:62916607 != 104857599
Nov 12 21:54:47 localhost.localdomain kernel: Loaded X.509 cert 'Canonical Ltd. Secure Boot Signing (2021 v3): 100437bb6de6e469b581e61cd66bce3ef4ed53af'
Nov 12 21:54:47 localhost.localdomain kernel: GPT: Use GNU Parted to correct GPT errors.
Nov 12 21:54:47 localhost.localdomain kernel: Loaded X.509 cert 'Canonical Ltd. Secure Boot Signing (Ubuntu Core 2019): c1d57b8f6b743f23ee41f4f7ee292f06eecadfb9'
Nov 12 21:54:47 localhost.localdomain kernel:  nvme0n1: p1 p14 p15
Nov 12 21:54:47 localhost.localdomain kernel: zswap: loaded using pool lzo/zbud
Nov 12 21:54:47 localhost.localdomain kernel: Key type .fscrypt registered
Nov 12 21:54:47 localhost.localdomain kernel: Key type fscrypt-provisioning registered
Nov 12 21:54:47 localhost.localdomain kernel: Key type encrypted registered
Nov 12 21:54:47 localhost.localdomain kernel: AppArmor: AppArmor sha1 policy hashing enabled
Nov 12 21:54:47 localhost.localdomain kernel: integrity: Loading X.509 certificate: UEFI:db
Nov 12 21:54:47 localhost.localdomain kernel: integrity: Loaded X.509 cert 'Microsoft Windows Production PCA 2011: a92902398e16c49778cd90f99e4f9ae17c55af53'
Nov 12 21:54:47 localhost.localdomain kernel: integrity: Loading X.509 certificate: UEFI:db
Nov 12 21:54:47 localhost.localdomain kernel: integrity: Loaded X.509 cert 'Microsoft Corporation: Windows UEFI CA 2023: aefc5fbbbe055d8f8daa585473499417ab5a5272'
Nov 12 21:54:47 localhost.localdomain kernel: integrity: Loading X.509 certificate: UEFI:MokListRT (MOKvar table)
Nov 12 21:54:47 localhost.localdomain kernel: integrity: Loaded X.509 cert 'Canonical Ltd. Master Certificate Authority: ad91990bc22ab1f517048c23b6655a268e345a63'
Nov 12 21:54:47 localhost.localdomain kernel: ima: No TPM chip found, activating TPM-bypass!
Nov 12 21:54:47 localhost.localdomain kernel: Loading compiled-in module X.509 certificates
Nov 12 21:54:47 localhost.localdomain kernel: Loaded X.509 cert 'Build time autogenerated kernel key: 302ee0a59b52843c8275b2ee4013b769a92c59c9'
Nov 12 21:54:47 localhost.localdomain kernel: ima: Allocated hash algorithm: sha1
Nov 12 21:54:47 localhost.localdomain kernel: ima: No architecture policies found
Nov 12 21:54:47 localhost.localdomain kernel: evm: Initialising EVM extended attributes:
Nov 12 21:54:47 localhost.localdomain kernel: evm: security.selinux
Nov 12 21:54:47 localhost.localdomain kernel: evm: security.SMACK64
Nov 12 21:54:47 localhost.localdomain kernel: evm: security.SMACK64EXEC
Nov 12 21:54:47 localhost.localdomain kernel: evm: security.SMACK64TRANSMUTE
Nov 12 21:54:47 localhost.localdomain kernel: evm: security.SMACK64MMAP
Nov 12 21:54:47 localhost.localdomain kernel: evm: security.apparmor
Nov 12 21:54:47 localhost.localdomain kernel: evm: security.ima
Nov 12 21:54:47 localhost.localdomain kernel: evm: security.capability
Nov 12 21:54:47 localhost.localdomain kernel: evm: HMAC attrs: 0x1
Nov 12 21:54:47 localhost.localdomain kernel: PM:   Magic number: 1:54:955
Nov 12 21:54:47 localhost.localdomain kernel: RAS: Correctable Errors collector initialized.
Nov 12 21:54:47 localhost.localdomain kernel: clk: Disabling unused clocks
Nov 12 21:54:47 localhost.localdomain kernel: md: Waiting for all devices to be available before autodetect
Nov 12 21:54:47 localhost.localdomain kernel: md: If you don't use raid, use raid=noautodetect
Nov 12 21:54:47 localhost.localdomain kernel: md: Autodetecting RAID arrays.
Nov 12 21:54:47 localhost.localdomain kernel: md: autorun ...
Nov 12 21:54:47 localhost.localdomain kernel: md: ... autorun DONE.
Nov 12 21:54:47 localhost.localdomain kernel: EXT4-fs (nvme0n1p1): mounted filesystem with ordered data mode. Opts: (null). Quota mode: none.
Nov 12 21:54:47 localhost.localdomain kernel: VFS: Mounted root (ext4 filesystem) readonly on device 259:1.
Nov 12 21:54:47 localhost.localdomain kernel: devtmpfs: mounted
Nov 12 21:54:47 localhost.localdomain kernel: Freeing unused decrypted memory: 2036K
Nov 12 21:54:47 localhost.localdomain kernel: Freeing unused kernel image (initmem) memory: 3016K
Nov 12 21:54:47 localhost.localdomain kernel: Write protecting the kernel read-only data: 30720k
Nov 12 21:54:47 localhost.localdomain kernel: Freeing unused kernel image (text/rodata gap) memory: 2036K
Nov 12 21:54:47 localhost.localdomain kernel: Freeing unused kernel image (rodata/data gap) memory: 1740K
Nov 12 21:54:47 localhost.localdomain kernel: x86/mm: Checked W+X mappings: passed, no W+X pages found.
Nov 12 21:54:47 localhost.localdomain kernel: Run /sbin/init as init process
Nov 12 21:54:47 localhost.localdomain kernel:   with arguments:
Nov 12 21:54:47 localhost.localdomain kernel:     /sbin/init
Nov 12 21:54:47 localhost.localdomain kernel:   with environment:
Nov 12 21:54:47 localhost.localdomain kernel:     HOME=/
Nov 12 21:54:47 localhost.localdomain kernel:     TERM=linux
Nov 12 21:54:47 localhost.localdomain kernel:     BOOT_IMAGE=/boot/vmlinuz-5.15.0-1098-azure
Nov 12 21:54:47 localhost.localdomain systemd[1]: Inserted module 'autofs4'
Nov 12 21:54:47 localhost.localdomain systemd[1]: systemd 249.11-0ubuntu3.17 running in system mode (+PAM +AUDIT +SELINUX +APPARMOR +IMA +SMACK +SECCOMP +GCRYPT +GNUTLS +OPENSSL +ACL +BLKID +CURL +ELFUTILS +FIDO2 +IDN2 -IDN +IPTC +KMOD +LIBCRYPTSETUP +LIBFDISK +PCRE2 -PWQUALITY -P11KIT -QRENCODE +BZIP2 +LZ4 +XZ +ZLIB +ZSTD -XKBCOMMON +UTMP +SYSVINIT default-hierarchy=unified)
Nov 12 21:54:47 localhost.localdomain systemd[1]: Detected virtualization microsoft.
Nov 12 21:54:47 localhost.localdomain systemd[1]: Detected architecture x86-64.
Nov 12 21:54:47 localhost.localdomain systemd[1]: Hostname set to <localhost.localdomain>.
Nov 12 21:54:47 localhost.localdomain systemd[1]: Initializing machine ID from random generator.
Nov 12 21:54:47 localhost.localdomain systemd[1]: Installed transient /etc/machine-id file.
Nov 12 21:54:47 localhost.localdomain systemd[1]: Configuration file /run/systemd/system/netplan-ovs-cleanup.service is marked world-inaccessible. This has no effect as configuration data is accessible via APIs without restrictions. Proceeding anyway.
Nov 12 21:54:47 localhost.localdomain systemd[1]: Configuration file /etc/systemd/system/sync-container-logs.service is marked world-inaccessible. This has no effect as configuration data is accessible via APIs without restrictions. Proceeding anyway.
Nov 12 21:54:47 localhost.localdomain systemd[1]: Configuration file /etc/systemd/system/kubelet.service is marked world-inaccessible. This has no effect as configuration data is accessible via APIs without restrictions. Proceeding anyway.
Nov 12 21:54:47 localhost.localdomain systemd[1]: Queued start job for default target Graphical Interface.
Nov 12 21:54:47 localhost.localdomain systemd[1]: Unnecessary job was removed for /sys/devices/virtual/misc/vmbus!hv_fcopy.
Nov 12 21:54:47 localhost.localdomain systemd[1]: Unnecessary job was removed for /sys/devices/virtual/misc/vmbus!hv_vss.
Nov 12 21:54:47 localhost.localdomain systemd[1]: Created slice Slice for Azure VM Agent and Extensions.
Nov 12 21:54:47 localhost.localdomain systemd[1]: Created slice Slice /system/modprobe.
Nov 12 21:54:47 localhost.localdomain systemd[1]: Created slice Slice /system/serial-getty.
Nov 12 21:54:47 localhost.localdomain systemd[1]: Created slice Slice /system/systemd-fsck.
Nov 12 21:54:47 localhost.localdomain systemd[1]: Created slice User and Session Slice.
Nov 12 21:54:47 localhost.localdomain systemd[1]: Started Forward Password Requests to Wall Directory Watch.
Nov 12 21:54:47 localhost.localdomain systemd[1]: Set up automount Arbitrary Executable File Formats File System Automount Point.
Nov 12 21:54:47 localhost.localdomain systemd[1]: Reached target ceph target allowing to start/stop all ceph*@.service instances at once.
Nov 12 21:54:47 localhost.localdomain systemd[1]: Reached target Slice Units.
Nov 12 21:54:47 localhost.localdomain systemd[1]: Reached target TLS tunnels for network services - per-config-file target.
Nov 12 21:54:47 localhost.localdomain systemd[1]: Reached target Swaps.
Nov 12 21:54:47 localhost.localdomain systemd[1]: Reached target System Time Set.
Nov 12 21:54:47 localhost.localdomain systemd[1]: Reached target Local Verity Protected Volumes.
Nov 12 21:54:47 localhost.localdomain systemd[1]: Listening on Device-mapper event daemon FIFOs.
Nov 12 21:54:47 localhost.localdomain systemd[1]: Listening on LVM2 poll daemon socket.
Nov 12 21:54:47 localhost.localdomain systemd[1]: Listening on multipathd control socket.
Nov 12 21:54:47 localhost.localdomain systemd[1]: Listening on RPCbind Server Activation Socket.
Nov 12 21:54:47 localhost.localdomain systemd[1]: Listening on Syslog Socket.
Nov 12 21:54:47 localhost.localdomain systemd[1]: Listening on fsck to fsckd communication Socket.
Nov 12 21:54:47 localhost.localdomain systemd[1]: Listening on initctl Compatibility Named Pipe.
Nov 12 21:54:47 localhost.localdomain systemd[1]: Listening on Journal Audit Socket.
Nov 12 21:54:47 localhost.localdomain systemd[1]: Listening on Journal Socket (/dev/log).
Nov 12 21:54:47 localhost.localdomain systemd[1]: Listening on Journal Socket.
Nov 12 21:54:47 localhost.localdomain systemd[1]: Listening on Network Service Netlink Socket.
Nov 12 21:54:47 localhost.localdomain systemd[1]: Listening on udev Control Socket.
Nov 12 21:54:47 localhost.localdomain systemd[1]: Listening on udev Kernel Socket.
Nov 12 21:54:47 localhost.localdomain systemd[1]: Mounting Huge Pages File System...
Nov 12 21:54:47 localhost.localdomain systemd[1]: Mounting POSIX Message Queue File System...
Nov 12 21:54:47 localhost.localdomain systemd[1]: Mounting Kernel Debug File System...
Nov 12 21:54:47 localhost.localdomain systemd[1]: Mounting Kernel Trace File System...
Nov 12 21:54:47 localhost.localdomain systemd[1]: Starting Journal Service...
Nov 12 21:54:47 localhost.localdomain systemd[1]: Condition check resulted in Kernel Module supporting RPCSEC_GSS being skipped.
Nov 12 21:54:47 localhost.localdomain systemd[1]: Starting Set the console keyboard layout...
Nov 12 21:54:47 localhost.localdomain systemd[1]: Starting Create List of Static Device Nodes...
Nov 12 21:54:47 localhost.localdomain systemd[1]: Starting Monitoring of LVM2 mirrors, snapshots etc. using dmeventd or progress polling...
Nov 12 21:54:47 localhost.localdomain systemd[1]: Condition check resulted in LXD - agent being skipped.
Nov 12 21:54:47 localhost.localdomain systemd[1]: Starting Load Kernel Module configfs...
Nov 12 21:54:47 localhost.localdomain systemd[1]: Starting Load Kernel Module drm...
Nov 12 21:54:47 localhost.localdomain systemd[1]: Starting Load Kernel Module efi_pstore...
Nov 12 21:54:47 localhost.localdomain systemd[1]: Starting Load Kernel Module fuse...
Nov 12 21:54:47 localhost.localdomain systemd[1]: Condition check resulted in OpenVSwitch configuration for cleanup being skipped.
Nov 12 21:54:47 localhost.localdomain systemd-journald[175]: Journal started
Nov 12 21:54:47 localhost.localdomain systemd-journald[175]: Runtime Journal (/run/log/journal/1d5c701d47a04b76a5773ecd7939f921) is 8.0M, max 1.0G, 1016.0M free.
Nov 12 21:54:47 localhost.localdomain systemd[1]: Starting File System Check on Root Device...
Nov 12 21:54:47 localhost.localdomain systemd[1]: Starting Load Kernel Modules...
Nov 12 21:54:47 localhost.localdomain systemd[1]: Starting Coldplug All udev Devices...
Nov 12 21:54:47 localhost.localdomain systemd[1]: Started Journal Service.
Nov 12 21:54:47 localhost.localdomain systemd[1]: Mounted Huge Pages File System.
Nov 12 21:54:47 localhost.localdomain systemd[1]: Mounted POSIX Message Queue File System.
Nov 12 21:54:47 localhost.localdomain systemd[1]: Mounted Kernel Debug File System.
Nov 12 21:54:47 localhost.localdomain systemd[1]: Mounted Kernel Trace File System.
Nov 12 21:54:47 localhost.localdomain systemd[1]: Finished Set the console keyboard layout.
Nov 12 21:54:47 localhost.localdomain systemd[1]: Finished Create List of Static Device Nodes.
Nov 12 21:54:47 localhost.localdomain systemd[1]: modprobe@configfs.service: Deactivated successfully.
Nov 12 21:54:47 localhost.localdomain systemd[1]: Finished Load Kernel Module configfs.
Nov 12 21:54:47 localhost.localdomain systemd[1]: modprobe@fuse.service: Deactivated successfully.
Nov 12 21:54:47 localhost.localdomain systemd[1]: Finished Load Kernel Module fuse.
Nov 12 21:54:47 localhost.localdomain systemd[1]: Finished Load Kernel Modules.
Nov 12 21:54:47 localhost.localdomain systemd[1]: Mounting FUSE Control File System...
Nov 12 21:54:47 localhost.localdomain systemd-fsck[193]: cloudimg-rootfs: clean, 239075/3870720 files, 7020878/7836155 blocks
Nov 12 21:54:47 localhost.localdomain systemd[1]: Mounting Kernel Configuration File System...
Nov 12 21:54:47 localhost.localdomain kernel: pstore: Using crash dump compression: deflate
Nov 12 21:54:47 localhost.localdomain kernel: pstore: Registered efi as persistent store backend
Nov 12 21:54:47 localhost.localdomain systemd[1]: Started File System Check Daemon to report status.
Nov 12 21:54:47 localhost.localdomain systemd[1]: Starting Apply Kernel Variables...
Nov 12 21:54:47 localhost.localdomain systemd[1]: modprobe@efi_pstore.service: Deactivated successfully.
Nov 12 21:54:47 localhost.localdomain systemd[1]: Finished Load Kernel Module efi_pstore.
Nov 12 21:54:47 localhost.localdomain systemd[1]: Finished File System Check on Root Device.
Nov 12 21:54:47 localhost.localdomain systemd[1]: Mounted FUSE Control File System.
Nov 12 21:54:47 localhost.localdomain systemd[1]: Mounted Kernel Configuration File System.
Nov 12 21:54:47 localhost.localdomain systemd[1]: Starting Remount Root and Kernel File Systems...
Nov 12 21:54:47 localhost.localdomain kernel: EXT4-fs (nvme0n1p1): re-mounted. Opts: discard,errors=remount-ro. Quota mode: none.
Nov 12 21:54:47 localhost.localdomain systemd[1]: Finished Remount Root and Kernel File Systems.
Nov 12 21:54:47 localhost.localdomain systemd[1]: Starting Device-Mapper Multipath Device Controller...
Nov 12 21:54:47 localhost.localdomain systemd[1]: Starting Flush Journal to Persistent Storage...
Nov 12 21:54:47 localhost.localdomain systemd[1]: Condition check resulted in Platform Persistent Storage Archival being skipped.
Nov 12 21:54:47 localhost.localdomain systemd-journald[175]: Time spent on flushing to /var/log/journal/1d5c701d47a04b76a5773ecd7939f921 is 3.305ms for 500 entries.
Nov 12 21:54:47 localhost.localdomain systemd-journald[175]: System Journal (/var/log/journal/1d5c701d47a04b76a5773ecd7939f921) is 8.0M, max 1.0G, 1016.0M free.
Nov 12 21:54:47 localhost.localdomain kernel: alua: device handler registered
Nov 12 21:54:47 localhost.localdomain kernel: emc: device handler registered
Nov 12 21:54:47 localhost.localdomain kernel: rdac: device handler registered
Nov 12 21:54:47 localhost.localdomain systemd[1]: Starting Load/Save Random Seed...
Nov 12 21:54:47 localhost.localdomain systemd[1]: Starting Create System Users...
Nov 12 21:54:47 localhost.localdomain systemd[1]: Finished Coldplug All udev Devices.
Nov 12 21:54:47 localhost.localdomain systemd[1]: Finished Load/Save Random Seed.
Nov 12 21:54:47 localhost.localdomain systemd[1]: Condition check resulted in First Boot Complete being skipped.
Nov 12 21:54:47 localhost.localdomain systemd-sysctl[199]: Couldn't write '1' to 'net/bridge/bridge-nf-call-iptables', ignoring: No such file or directory
Nov 12 21:54:47 localhost.localdomain systemd[1]: Finished Apply Kernel Variables.
Nov 12 21:54:47 localhost.localdomain systemd[1]: modprobe@drm.service: Deactivated successfully.
Nov 12 21:54:47 localhost.localdomain systemd[1]: Finished Load Kernel Module drm.
Nov 12 21:54:47 localhost.localdomain systemd[1]: Finished Flush Journal to Persistent Storage.
Nov 12 21:54:47 localhost.localdomain systemd[1]: Finished Create System Users.
Nov 12 21:54:47 localhost.localdomain systemd[1]: Starting Create Static Device Nodes in /dev...
Nov 12 21:54:47 localhost.localdomain multipathd[217]: --------start up--------
Nov 12 21:54:47 localhost.localdomain multipathd[217]: read /etc/multipath.conf
Nov 12 21:54:47 localhost.localdomain multipathd[217]: path checkers start up
Nov 12 21:54:47 localhost.localdomain systemd[1]: Started Device-Mapper Multipath Device Controller.
Nov 12 21:54:47 localhost.localdomain systemd[1]: Finished Create Static Device Nodes in /dev.
Nov 12 21:54:47 localhost.localdomain systemd[1]: Starting Rule-based Manager for Device Events and Files...
Nov 12 21:54:48 localhost.localdomain systemd-udevd[225]: /etc/udev/rules.d/99-nfs.rules:1 Invalid value "/usr/bin/awk -v bdi=$kernel 'BEGIN{ret=1} {if ($4 == bdi){ret=0}} END{exit ret}' /proc/fs/nfsfs/volumes" for PROGRAM (char 48: invalid substitution type), ignoring.
Nov 12 21:54:48 localhost.localdomain systemd[1]: Started Rule-based Manager for Device Events and Files.
Nov 12 21:54:48 localhost.localdomain systemd[1]: Condition check resulted in Show Plymouth Boot Screen being skipped.
Nov 12 21:54:48 localhost.localdomain systemd[1]: Started Dispatch Password Requests to Console Directory Watch.
Nov 12 21:54:48 localhost.localdomain systemd[1]: Condition check resulted in Forward Password Requests to Plymouth Directory Watch being skipped.
Nov 12 21:54:48 localhost.localdomain systemd[1]: Reached target Local Encrypted Volumes.
Nov 12 21:54:48 localhost.localdomain systemd[1]: Found device /dev/ttyS0.
Nov 12 21:54:48 localhost.localdomain kernel: cryptd: max_cpu_qlen set to 1000
Nov 12 21:54:48 localhost.localdomain kernel: hv_vmbus: registering driver hyperv_keyboard
Nov 12 21:54:48 localhost.localdomain kernel: input: AT Translated Set 2 keyboard as /devices/LNXSYSTM:00/LNXSYBUS:00/ACPI0004:00/MSFT1000:00/d34b2567-b9b6-42b9-8778-0a4ec0b955bf/serio0/input/input0
Nov 12 21:54:48 localhost.localdomain kernel: hid: raw HID events driver (C) Jiri Kosina
Nov 12 21:54:48 localhost.localdomain kernel: hv_vmbus: registering driver hv_netvsc
Nov 12 21:54:48 localhost.localdomain kernel: hv_vmbus: registering driver hyperv_fb
Nov 12 21:54:48 localhost.localdomain kernel: hyperv_fb: Synthvid Version major 3, minor 5
Nov 12 21:54:48 localhost.localdomain kernel: hyperv_fb: Screen resolution: 1024x768, Color depth: 32, Frame buffer size: 8388608
Nov 12 21:54:48 localhost.localdomain kernel: hv_vmbus: registering driver hid_hyperv
Nov 12 21:54:48 localhost.localdomain kernel: input: Microsoft Vmbus HID-compliant Mouse as /devices/0006:045E:0621.0001/input/input1
Nov 12 21:54:48 localhost.localdomain kernel: Console: switching to colour frame buffer device 128x48
Nov 12 21:54:48 localhost.localdomain kernel: hid 0006:045E:0621.0001: input: VIRTUAL HID v0.01 Mouse [Microsoft Vmbus HID-compliant Mouse] on 
Nov 12 21:54:48 localhost.localdomain multipath[267]: nvme0n1: uid = eui.ea398d62a8174f08834bdd93b2d0b101 (sysfs)
Nov 12 21:54:48 localhost.localdomain systemd[1]: Listening on Load/Save RF Kill Switch Status /dev/rfkill Watch.
Nov 12 21:54:48 localhost.localdomain systemd[1]: Found device /sys/devices/virtual/misc/vmbus!hv_kvp.
Nov 12 21:54:48 localhost.localdomain systemd[1]: Started Hyper-V KVP Protocol Daemon.
Nov 12 21:54:48 localhost.localdomain systemd[1]: Starting Cloud-init: Local Stage (pre-network)...
Nov 12 21:54:48 localhost.localdomain kernel: AVX2 version of gcm_enc/dec engaged.
Nov 12 21:54:48 localhost.localdomain kernel: AES CTR mode by8 optimization enabled
Nov 12 21:54:48 localhost.localdomain systemd-udevd[229]: Using default interface naming scheme 'v249'.
Nov 12 21:54:48 localhost.localdomain KVP[286]: KVP starting; pid is:286
Nov 12 21:54:48 localhost.localdomain KVP[286]: KVP LIC Version: 3.1
Nov 12 21:54:48 localhost.localdomain kernel: hv_utils: KVP IC version 4.0
Nov 12 21:54:48 localhost.localdomain systemd[1]: Found device MSFT NVMe Accelerator v1.0 UEFI.
Nov 12 21:54:48 localhost.localdomain systemd[1]: Finished Monitoring of LVM2 mirrors, snapshots etc. using dmeventd or progress polling.
Nov 12 21:54:48 localhost.localdomain systemd[1]: Reached target Preparation for Local File Systems.
Nov 12 21:54:48 localhost.localdomain systemd[1]: Starting File System Check on /dev/disk/by-uuid/EBD8-3689...
Nov 12 21:54:48 localhost.localdomain kernel: hv_vmbus: registering driver hyperv_drm
Nov 12 21:54:48 localhost.localdomain systemd-fsck[355]: fsck.fat 4.2 (2021-01-31)
Nov 12 21:54:48 localhost.localdomain systemd-fsck[355]: /dev/nvme0n1p15: 12 files, 12387/213663 clusters
Nov 12 21:54:48 localhost.localdomain systemd[1]: Finished File System Check on /dev/disk/by-uuid/EBD8-3689.
Nov 12 21:54:48 localhost.localdomain systemd[1]: Mounting /boot/efi...
Nov 12 21:54:48 localhost.localdomain kernel: kvm: Nested Virtualization enabled
Nov 12 21:54:48 localhost.localdomain kernel: SVM: kvm: Nested Paging enabled
Nov 12 21:54:48 localhost.localdomain kernel: SVM: kvm: Hyper-V enlightened NPT TLB flush enabled
Nov 12 21:54:48 localhost.localdomain kernel: SVM: kvm: Hyper-V Direct TLB Flush enabled
Nov 12 21:54:48 localhost.localdomain kernel: SVM: Virtual VMLOAD VMSAVE supported
Nov 12 21:54:48 localhost.localdomain systemd[1]: Mounted /boot/efi.
Nov 12 21:54:48 localhost.localdomain systemd[1]: Reached target Local File Systems.
Nov 12 21:54:48 localhost.localdomain systemd[1]: Starting Load AppArmor profiles...
Nov 12 21:54:48 localhost.localdomain systemd[1]: Starting Set console font and keymap...
Nov 12 21:54:48 localhost.localdomain systemd[1]: Starting Create final runtime dir for shutdown pivot root...
Nov 12 21:54:48 localhost.localdomain systemd[1]: Starting Tell Plymouth To Write Out Runtime Data...
Nov 12 21:54:48 localhost.localdomain systemd[1]: Condition check resulted in RPC security service for NFS server being skipped.
Nov 12 21:54:48 localhost.localdomain systemd[1]: Starting Set Up Additional Binary Formats...
Nov 12 21:54:48 localhost.localdomain systemd[1]: Condition check resulted in Store a System Token in an EFI Variable being skipped.
Nov 12 21:54:48 localhost.localdomain systemd[1]: Starting Commit a transient machine-id on disk...
Nov 12 21:54:48 localhost.localdomain systemd[1]: Starting Create Volatile Files and Directories...
Nov 12 21:54:48 localhost.localdomain apparmor.systemd[364]: Restarting AppArmor
Nov 12 21:54:48 localhost.localdomain apparmor.systemd[364]: Reloading AppArmor profiles
Nov 12 21:54:48 localhost.localdomain systemd[1]: Condition check resulted in Setup network rules for WALinuxAgent being skipped.
Nov 12 21:54:48 localhost.localdomain systemd[1]: Finished Set console font and keymap.
Nov 12 21:54:48 localhost.localdomain systemd[1]: Finished Create final runtime dir for shutdown pivot root.
Nov 12 21:54:48 localhost.localdomain systemd[1]: Finished Tell Plymouth To Write Out Runtime Data.
Nov 12 21:54:48 localhost.localdomain systemd[1]: proc-sys-fs-binfmt_misc.automount: Got automount request for /proc/sys/fs/binfmt_misc, triggered by 371 (systemd-binfmt)
Nov 12 21:54:48 localhost.localdomain systemd[1]: Mounting Arbitrary Executable File Formats File System...
Nov 12 21:54:48 localhost.localdomain cloud-init[363]: Cloud-init v. 25.2-0ubuntu1~22.04.1 running 'init-local' at Wed, 12 Nov 2025 21:54:48 +0000. Up 3.79 seconds.
Nov 12 21:54:48 localhost.localdomain systemd[1]: Finished Create Volatile Files and Directories.
Nov 12 21:54:48 localhost.localdomain systemd[1]: Mounting RPC Pipe File System...
Nov 12 21:54:48 localhost.localdomain systemd[1]: Starting RPC bind portmap service...
Nov 12 21:54:48 localhost.localdomain systemd[1]: Starting Record System Boot/Shutdown in UTMP...
Nov 12 21:54:48 localhost.localdomain systemd[1]: Mounted Arbitrary Executable File Formats File System.
Nov 12 21:54:48 localhost.localdomain systemd[1]: Finished Set Up Additional Binary Formats.
Nov 12 21:54:48 localhost.localdomain systemd[1]: Mounted RPC Pipe File System.
Nov 12 21:54:48 localhost.localdomain kernel: RPC: Registered named UNIX socket transport module.
Nov 12 21:54:48 localhost.localdomain kernel: RPC: Registered udp transport module.
Nov 12 21:54:48 localhost.localdomain kernel: RPC: Registered tcp transport module.
Nov 12 21:54:48 localhost.localdomain kernel: RPC: Registered tcp NFSv4.1 backchannel transport module.
Nov 12 21:54:48 localhost.localdomain systemd[1]: Reached target rpc_pipefs.target.
Nov 12 21:54:48 localhost.localdomain systemd[1]: Condition check resulted in RPC security service for NFS client and server being skipped.
Nov 12 21:54:48 localhost.localdomain systemd[1]: etc-machine\x2did.mount: Deactivated successfully.
Nov 12 21:54:48 localhost.localdomain systemd[1]: Finished Commit a transient machine-id on disk.
Nov 12 21:54:48 localhost.localdomain systemd[1]: Finished Record System Boot/Shutdown in UTMP.
Nov 12 21:54:48 localhost.localdomain audit[385]: AVC apparmor="STATUS" operation="profile_load" profile="unconfined" name="lsb_release" pid=385 comm="apparmor_parser"
Nov 12 21:54:48 localhost.localdomain audit[386]: AVC apparmor="STATUS" operation="profile_load" profile="unconfined" name="nvidia_modprobe" pid=386 comm="apparmor_parser"
Nov 12 21:54:48 localhost.localdomain audit[386]: AVC apparmor="STATUS" operation="profile_load" profile="unconfined" name="nvidia_modprobe//kmod" pid=386 comm="apparmor_parser"
Nov 12 21:54:48 localhost.localdomain kernel: audit: type=1400 audit(1762984488.931:2): apparmor="STATUS" operation="profile_load" profile="unconfined" name="lsb_release" pid=385 comm="apparmor_parser"
Nov 12 21:54:48 localhost.localdomain kernel: audit: type=1400 audit(1762984488.931:3): apparmor="STATUS" operation="profile_load" profile="unconfined" name="nvidia_modprobe" pid=386 comm="apparmor_parser"
Nov 12 21:54:48 localhost.localdomain kernel: audit: type=1400 audit(1762984488.931:4): apparmor="STATUS" operation="profile_load" profile="unconfined" name="nvidia_modprobe//kmod" pid=386 comm="apparmor_parser"
Nov 12 21:54:48 localhost.localdomain audit[392]: AVC apparmor="STATUS" operation="profile_load" profile="unconfined" name="ubuntu_pro_apt_news" pid=392 comm="apparmor_parser"
Nov 12 21:54:48 localhost.localdomain kernel: audit: type=1400 audit(1762984488.963:5): apparmor="STATUS" operation="profile_load" profile="unconfined" name="ubuntu_pro_apt_news" pid=392 comm="apparmor_parser"
Nov 12 21:54:48 localhost.localdomain audit[391]: AVC apparmor="STATUS" operation="profile_load" profile="unconfined" name="/usr/lib/NetworkManager/nm-dhcp-client.action" pid=391 comm="apparmor_parser"
Nov 12 21:54:48 localhost.localdomain audit[391]: AVC apparmor="STATUS" operation="profile_load" profile="unconfined" name="/usr/lib/NetworkManager/nm-dhcp-helper" pid=391 comm="apparmor_parser"
Nov 12 21:54:48 localhost.localdomain audit[391]: AVC apparmor="STATUS" operation="profile_load" profile="unconfined" name="/usr/lib/connman/scripts/dhclient-script" pid=391 comm="apparmor_parser"
Nov 12 21:54:48 localhost.localdomain audit[391]: AVC apparmor="STATUS" operation="profile_load" profile="unconfined" name="/{,usr/}sbin/dhclient" pid=391 comm="apparmor_parser"
Nov 12 21:54:48 localhost.localdomain kernel: audit: type=1400 audit(1762984488.975:6): apparmor="STATUS" operation="profile_load" profile="unconfined" name="/usr/lib/NetworkManager/nm-dhcp-client.action" pid=391 comm="apparmor_parser"
Nov 12 21:54:48 localhost.localdomain kernel: audit: type=1400 audit(1762984488.975:7): apparmor="STATUS" operation="profile_load" profile="unconfined" name="/usr/lib/NetworkManager/nm-dhcp-helper" pid=391 comm="apparmor_parser"
Nov 12 21:54:48 localhost.localdomain kernel: audit: type=1400 audit(1762984488.975:8): apparmor="STATUS" operation="profile_load" profile="unconfined" name="/usr/lib/connman/scripts/dhclient-script" pid=391 comm="apparmor_parser"
Nov 12 21:54:48 localhost.localdomain kernel: audit: type=1400 audit(1762984488.975:9): apparmor="STATUS" operation="profile_load" profile="unconfined" name="/{,usr/}sbin/dhclient" pid=391 comm="apparmor_parser"
Nov 12 21:54:49 localhost.localdomain audit[395]: AVC apparmor="STATUS" operation="profile_load" profile="unconfined" name="ubuntu_pro_esm_cache" pid=395 comm="apparmor_parser"
Nov 12 21:54:49 localhost.localdomain audit[395]: AVC apparmor="STATUS" operation="profile_load" profile="unconfined" name="ubuntu_pro_esm_cache//apt_methods" pid=395 comm="apparmor_parser"
Nov 12 21:54:49 localhost.localdomain audit[395]: AVC apparmor="STATUS" operation="profile_load" profile="unconfined" name="ubuntu_pro_esm_cache//apt_methods_gpgv" pid=395 comm="apparmor_parser"
Nov 12 21:54:49 localhost.localdomain audit[395]: AVC apparmor="STATUS" operation="profile_load" profile="unconfined" name="ubuntu_pro_esm_cache//cloud_id" pid=395 comm="apparmor_parser"
Nov 12 21:54:49 localhost.localdomain audit[395]: AVC apparmor="STATUS" operation="profile_load" profile="unconfined" name="ubuntu_pro_esm_cache//dpkg" pid=395 comm="apparmor_parser"
Nov 12 21:54:49 localhost.localdomain audit[395]: AVC apparmor="STATUS" operation="profile_load" profile="unconfined" name="ubuntu_pro_esm_cache//ps" pid=395 comm="apparmor_parser"
Nov 12 21:54:49 localhost.localdomain audit[395]: AVC apparmor="STATUS" operation="profile_load" profile="unconfined" name="ubuntu_pro_esm_cache//ubuntu_distro_info" pid=395 comm="apparmor_parser"
Nov 12 21:54:49 localhost.localdomain audit[395]: AVC apparmor="STATUS" operation="profile_load" profile="unconfined" name="ubuntu_pro_esm_cache_systemctl" pid=395 comm="apparmor_parser"
Nov 12 21:54:49 localhost.localdomain audit[395]: AVC apparmor="STATUS" operation="profile_load" profile="unconfined" name="ubuntu_pro_esm_cache_systemd_detect_virt" pid=395 comm="apparmor_parser"
Nov 12 21:54:49 localhost.localdomain kernel: audit: type=1400 audit(1762984489.015:10): apparmor="STATUS" operation="profile_load" profile="unconfined" name="ubuntu_pro_esm_cache" pid=395 comm="apparmor_parser"
Nov 12 21:54:49 localhost.localdomain systemd[1]: Started RPC bind portmap service.
Nov 12 21:54:49 localhost.localdomain audit[396]: AVC apparmor="STATUS" operation="profile_load" profile="unconfined" name="/usr/bin/man" pid=396 comm="apparmor_parser"
Nov 12 21:54:49 localhost.localdomain audit[396]: AVC apparmor="STATUS" operation="profile_load" profile="unconfined" name="man_filter" pid=396 comm="apparmor_parser"
Nov 12 21:54:49 localhost.localdomain audit[396]: AVC apparmor="STATUS" operation="profile_load" profile="unconfined" name="man_groff" pid=396 comm="apparmor_parser"
Nov 12 21:54:49 localhost.localdomain systemd[1]: Reached target RPC Port Mapper.
Nov 12 21:54:49 localhost.localdomain audit[399]: AVC apparmor="STATUS" operation="profile_load" profile="unconfined" name="tcpdump" pid=399 comm="apparmor_parser"
Nov 12 21:54:49 localhost.localdomain apparmor.systemd[401]: Skipping profile in /etc/apparmor.d/disable: usr.sbin.rsyslogd
Nov 12 21:54:49 localhost.localdomain audit[400]: AVC apparmor="STATUS" operation="profile_load" profile="unconfined" name="/usr/sbin/chronyd" pid=400 comm="apparmor_parser"
Nov 12 21:54:49 localhost.localdomain systemd[1]: Finished Load AppArmor profiles.
Nov 12 21:54:49 localhost.localdomain kernel: UDF-fs: INFO Mounting volume 'UDF Volume', timestamp 2025/11/13 00:00 (1000)
Nov 12 21:54:49 localhost.localdomain kernel: IPv6: ADDRCONF(NETDEV_CHANGE): eth0: link becomes ready
Nov 12 21:54:49 localhost.localdomain dhclient[407]: Internet Systems Consortium DHCP Client 4.4.1
Nov 12 21:54:49 localhost.localdomain dhclient[407]: Copyright 2004-2018 Internet Systems Consortium.
Nov 12 21:54:49 localhost.localdomain dhclient[407]: All rights reserved.
Nov 12 21:54:49 localhost.localdomain dhclient[407]: For info, please visit https://www.isc.org/software/dhcp/
Nov 12 21:54:49 localhost.localdomain dhclient[407]: 
Nov 12 21:54:49 localhost.localdomain audit[411]: AVC apparmor="DENIED" operation="exec" profile="/{,usr/}sbin/dhclient" name="/usr/bin/true" pid=411 comm="dhclient" requested_mask="x" denied_mask="x" fsuid=0 ouid=0
Nov 12 21:54:49 localhost.localdomain dhclient[411]: execve (/bin/true, ...): Permission denied
Nov 12 21:54:49 localhost.localdomain audit[407]: AVC apparmor="DENIED" operation="capable" profile="/{,usr/}sbin/dhclient" pid=407 comm="dhclient" capability=21  capname="sys_admin"
Nov 12 21:54:49 localhost.localdomain dhclient[407]: Listening on LPF/eth0/00:0d:3a:fe:89:0c
Nov 12 21:54:49 localhost.localdomain dhclient[407]: Sending on   LPF/eth0/00:0d:3a:fe:89:0c
Nov 12 21:54:49 localhost.localdomain dhclient[407]: Sending on   Socket/fallback
Nov 12 21:54:49 localhost.localdomain dhclient[407]: DHCPDISCOVER on eth0 to 255.255.255.255 port 67 interval 3 (xid=0xe8eee33)
Nov 12 21:54:49 localhost.localdomain systemd[1]: run-cloud\x2dinit-tmp-tmpzzhbz2ic.mount: Deactivated successfully.
Nov 12 21:54:52 localhost.localdomain dhclient[407]: DHCPDISCOVER on eth0 to 255.255.255.255 port 67 interval 3 (xid=0xe8eee33)
Nov 12 21:54:55 localhost.localdomain kernel: hv_netvsc 000d3afe-890c-000d-3afe-890c000d3afe eth0: VF slot 1 added
Nov 12 21:54:55 localhost.localdomain kernel: hv_pci 77f6e67b-d8e2-4a92-809c-b2c3e5dcff96: PCI VMBus probing: Using version 0x10004
Nov 12 21:54:55 localhost.localdomain kernel: hv_pci 77f6e67b-d8e2-4a92-809c-b2c3e5dcff96: PCI host bridge to bus d8e2:00
Nov 12 21:54:55 localhost.localdomain kernel: pci_bus d8e2:00: root bus resource [mem 0xfc0100000-0xfc01fffff window]
Nov 12 21:54:55 localhost.localdomain kernel: pci_bus d8e2:00: No busn resource found for root bus, will use [bus 00-ff]
Nov 12 21:54:55 localhost.localdomain kernel: pci d8e2:00:02.0: [15b3:101a] type 00 class 0x020000
Nov 12 21:54:55 localhost.localdomain kernel: pci d8e2:00:02.0: reg 0x10: [mem 0xfc0100000-0xfc01fffff 64bit pref]
Nov 12 21:54:55 localhost.localdomain kernel: pci d8e2:00:02.0: enabling Extended Tags
Nov 12 21:54:55 localhost.localdomain kernel: pci d8e2:00:02.0: 0.000 Gb/s available PCIe bandwidth, limited by Unknown x0 link at d8e2:00:02.0 (capable of 252.048 Gb/s with 16.0 GT/s PCIe x16 link)
Nov 12 21:54:55 localhost.localdomain kernel: pci_bus d8e2:00: busn_res: [bus 00-ff] end is updated to 00
Nov 12 21:54:55 localhost.localdomain kernel: pci d8e2:00:02.0: BAR 0: assigned [mem 0xfc0100000-0xfc01fffff 64bit pref]
Nov 12 21:54:55 localhost.localdomain dhclient[407]: DHCPDISCOVER on eth0 to 255.255.255.255 port 67 interval 4 (xid=0xe8eee33)
Nov 12 21:54:55 localhost.localdomain dhclient[407]: DHCPOFFER of 10.224.0.7 from 168.63.129.16
Nov 12 21:54:55 localhost.localdomain dhclient[407]: DHCPREQUEST for 10.224.0.7 on eth0 to 255.255.255.255 port 67 (xid=0x33ee8e0e)
Nov 12 21:54:55 localhost.localdomain dhclient[407]: DHCPACK of 10.224.0.7 from 168.63.129.16 (xid=0xe8eee33)
Nov 12 21:54:55 localhost.localdomain audit[414]: AVC apparmor="DENIED" operation="exec" profile="/{,usr/}sbin/dhclient" name="/usr/bin/true" pid=414 comm="isc-worker0000" requested_mask="x" denied_mask="x" fsuid=0 ouid=0
Nov 12 21:54:55 localhost.localdomain dhclient[414]: execve (/bin/true, ...): Permission denied
Nov 12 21:54:55 localhost.localdomain dhclient[407]: Timeout too large reducing to: 2147483646 (TIME_MAX - 1)
Nov 12 21:54:55 localhost.localdomain dhclient[407]: bound to 10.224.0.7 -- renewal in 4294967295 seconds.
Nov 12 21:54:55 localhost.localdomain kernel: IPv4: martian source 255.255.255.255 from 168.63.129.16, on dev eth0
Nov 12 21:54:55 localhost.localdomain kernel: ll header: 00000000: 00 0d 3a fe 89 0c 12 34 56 78 9a bc 08 00
Nov 12 21:54:55 localhost.localdomain kernel: IPv4: martian source 255.255.255.255 from 168.63.129.16, on dev eth0
Nov 12 21:54:55 localhost.localdomain kernel: ll header: 00000000: 00 0d 3a fe 89 0c 12 34 56 78 9a bc 08 00
Nov 12 21:54:55 localhost.localdomain kernel: kauditd_printk_skb: 15 callbacks suppressed
Nov 12 21:54:55 localhost.localdomain kernel: audit: type=1400 audit(1762984495.127:26): apparmor="DENIED" operation="exec" profile="/{,usr/}sbin/dhclient" name="/usr/bin/true" pid=414 comm="isc-worker0000" requested_mask="x" denied_mask="x" fsuid=0 ouid=0
Nov 12 21:54:55 88t8-2025-11-12-ubuntu2204000000 kernel: mlx5_core d8e2:00:02.0: enabling device (0000 -> 0002)
Nov 12 21:54:55 88t8-2025-11-12-ubuntu2204000000 kernel: mlx5_core d8e2:00:02.0: firmware version: 16.30.5006
Nov 12 21:54:55 88t8-2025-11-12-ubuntu2204000000 kernel: mlx5_core d8e2:00:02.0: MLX5E: StrdRq(1) RqSz(8) StrdSz(2048) RxCqeCmprss(0)
Nov 12 21:54:55 88t8-2025-11-12-ubuntu2204000000 kernel: mlx5_core d8e2:00:02.0: Supported tc offload range - chains: 1, prios: 1
Nov 12 21:54:55 88t8-2025-11-12-ubuntu2204000000 kernel: mlx5_core d8e2:00:02.0: mlx5e_tc_post_act_init:40:(pid 16): firmware level support is missing
Nov 12 21:54:55 88t8-2025-11-12-ubuntu2204000000 kernel: mlx5_core d8e2:00:02.0: mlx5_tc_ct_init:2088:(pid 16): tc ct offload not supported, tc ct offload not supported, post action is missing
Nov 12 21:54:55 88t8-2025-11-12-ubuntu2204000000 kernel: hv_netvsc 000d3afe-890c-000d-3afe-890c000d3afe eth0: VF registering: eth1
Nov 12 21:54:55 88t8-2025-11-12-ubuntu2204000000 kernel: mlx5_core d8e2:00:02.0 eth1: joined to eth0
Nov 12 21:54:55 88t8-2025-11-12-ubuntu2204000000 systemd-udevd[451]: Using default interface naming scheme 'v249'.
Nov 12 21:54:55 88t8-2025-11-12-ubuntu2204000000 kernel: mlx5_core d8e2:00:02.0 enP55522s1: renamed from eth1
Nov 12 21:54:55 88t8-2025-11-12-ubuntu2204000000 systemd-udevd[452]: Using default interface naming scheme 'v249'.
Nov 12 21:54:56 88t8-2025-11-12-ubuntu2204000000 systemd[1]: Condition check resulted in OpenVSwitch configuration for cleanup being skipped.
Nov 12 21:54:56 88t8-2025-11-12-ubuntu2204000000 systemd[1]: Condition check resulted in Setup network rules for WALinuxAgent being skipped.
Nov 12 21:54:56 88t8-2025-11-12-ubuntu2204000000 systemd[1]: Condition check resulted in OpenVSwitch configuration for cleanup being skipped.
Nov 12 21:54:56 88t8-2025-11-12-ubuntu2204000000 systemd[1]: Condition check resulted in Setup network rules for WALinuxAgent being skipped.
Nov 12 21:54:56 88t8-2025-11-12-ubuntu2204000000 systemd[1]: Condition check resulted in OpenVSwitch configuration for cleanup being skipped.
Nov 12 21:54:56 88t8-2025-11-12-ubuntu2204000000 systemd[1]: Condition check resulted in Setup network rules for WALinuxAgent being skipped.
Nov 12 21:54:56 88t8-2025-11-12-ubuntu2204000000 systemd[1]: Finished Cloud-init: Local Stage (pre-network).
Nov 12 21:54:56 88t8-2025-11-12-ubuntu2204000000 systemd[1]: Reached target Preparation for Network.
Nov 12 21:54:56 88t8-2025-11-12-ubuntu2204000000 systemd[1]: Starting Network Configuration...
Nov 12 21:54:56 88t8-2025-11-12-ubuntu2204000000 systemd-networkd[476]: lo: Link UP
Nov 12 21:54:56 88t8-2025-11-12-ubuntu2204000000 systemd-networkd[476]: lo: Gained carrier
Nov 12 21:54:56 88t8-2025-11-12-ubuntu2204000000 systemd-networkd[476]: Enumeration completed
Nov 12 21:54:56 88t8-2025-11-12-ubuntu2204000000 systemd[1]: Started Network Configuration.
Nov 12 21:54:56 88t8-2025-11-12-ubuntu2204000000 systemd-networkd[476]: eth0: Link UP
Nov 12 21:54:56 88t8-2025-11-12-ubuntu2204000000 systemd-networkd[476]: eth0: Gained carrier
Nov 12 21:54:56 88t8-2025-11-12-ubuntu2204000000 systemd-networkd[476]: eth0: Gained IPv6LL
Nov 12 21:54:56 88t8-2025-11-12-ubuntu2204000000 systemd-networkd[476]: eth0: Lost carrier
Nov 12 21:54:56 88t8-2025-11-12-ubuntu2204000000 systemd-networkd[476]: eth0: Gained carrier
Nov 12 21:54:56 88t8-2025-11-12-ubuntu2204000000 systemd[1]: Starting Wait for Network to be Configured...
Nov 12 21:54:56 88t8-2025-11-12-ubuntu2204000000 systemd-networkd[476]: eth0: Link DOWN
Nov 12 21:54:56 88t8-2025-11-12-ubuntu2204000000 systemd-networkd[476]: eth0: Lost carrier
Nov 12 21:54:56 88t8-2025-11-12-ubuntu2204000000 systemd[1]: Starting Network Name Resolution...
Nov 12 21:54:56 88t8-2025-11-12-ubuntu2204000000 kernel: mlx5_core d8e2:00:02.0 enP55522s1: Link up
Nov 12 21:54:56 88t8-2025-11-12-ubuntu2204000000 systemd-resolved[478]: Positive Trust Anchors:
Nov 12 21:54:56 88t8-2025-11-12-ubuntu2204000000 systemd-resolved[478]: . IN DS 20326 8 2 e06d44b80b8f1d39a95c0b0d7c65d08458e880409bbc683457104237c7f8ec8d
Nov 12 21:54:56 88t8-2025-11-12-ubuntu2204000000 systemd-resolved[478]: Negative trust anchors: home.arpa 10.in-addr.arpa 16.172.in-addr.arpa 17.172.in-addr.arpa 18.172.in-addr.arpa 19.172.in-addr.arpa 20.172.in-addr.arpa 21.172.in-addr.arpa 22.172.in-addr.arpa 23.172.in-addr.arpa 24.172.in-addr.arpa 25.172.in-addr.arpa 26.172.in-addr.arpa 27.172.in-addr.arpa 28.172.in-addr.arpa 29.172.in-addr.arpa 30.172.in-addr.arpa 31.172.in-addr.arpa 168.192.in-addr.arpa d.f.ip6.arpa corp home internal intranet lan local private test
Nov 12 21:54:56 88t8-2025-11-12-ubuntu2204000000 systemd-networkd[476]: enP55522s1: Link UP
Nov 12 21:54:56 88t8-2025-11-12-ubuntu2204000000 systemd-networkd[476]: eth0: Link UP
Nov 12 21:54:56 88t8-2025-11-12-ubuntu2204000000 kernel: hv_netvsc 000d3afe-890c-000d-3afe-890c000d3afe eth0: Data path switched to VF: enP55522s1
Nov 12 21:54:56 88t8-2025-11-12-ubuntu2204000000 systemd-resolved[478]: Using system hostname '88t8-2025-11-12-ubuntu2204000000'.
Nov 12 21:54:56 88t8-2025-11-12-ubuntu2204000000 systemd[1]: Started Network Name Resolution.
Nov 12 21:54:56 88t8-2025-11-12-ubuntu2204000000 systemd[1]: Reached target Network.
Nov 12 21:54:56 88t8-2025-11-12-ubuntu2204000000 systemd[1]: Reached target Host and Network Name Lookups.
Nov 12 21:54:56 88t8-2025-11-12-ubuntu2204000000 systemd-networkd[476]: eth0: Gained carrier
Nov 12 21:54:56 88t8-2025-11-12-ubuntu2204000000 systemd-networkd[476]: enP55522s1: Gained carrier
Nov 12 21:54:56 88t8-2025-11-12-ubuntu2204000000 kernel: IPv4: martian source 255.255.255.255 from 168.63.129.16, on dev eth0
Nov 12 21:54:56 88t8-2025-11-12-ubuntu2204000000 kernel: ll header: 00000000: 00 0d 3a fe 89 0c 12 34 56 78 9a bc 08 00
Nov 12 21:54:56 88t8-2025-11-12-ubuntu2204000000 kernel: IPv4: martian source 255.255.255.255 from 168.63.129.16, on dev eth0
Nov 12 21:54:56 88t8-2025-11-12-ubuntu2204000000 kernel: ll header: 00000000: 00 0d 3a fe 89 0c 12 34 56 78 9a bc 08 00
Nov 12 21:54:56 88t8-2025-11-12-ubuntu2204000000 systemd-networkd[476]: eth0: DHCPv4 address 10.224.0.7/16 via 10.224.0.1
Nov 12 21:54:57 88t8-2025-11-12-ubuntu2204000000 systemd-networkd[476]: eth0: Gained IPv6LL
Nov 12 21:54:57 88t8-2025-11-12-ubuntu2204000000 systemd[1]: Finished Wait for Network to be Configured.
Nov 12 21:54:57 88t8-2025-11-12-ubuntu2204000000 systemd[1]: Starting Cloud-init: Network Stage...
Nov 12 21:54:58 88t8-2025-11-12-ubuntu2204000000 cloud-init[483]: Cloud-init v. 25.2-0ubuntu1~22.04.1 running 'init' at Wed, 12 Nov 2025 21:54:58 +0000. Up 13.13 seconds.
Nov 12 21:54:58 88t8-2025-11-12-ubuntu2204000000 cloud-init[483]: ci-info: +++++++++++++++++++++++++++++++++++++++Net device info++++++++++++++++++++++++++++++++++++++++
Nov 12 21:54:58 88t8-2025-11-12-ubuntu2204000000 cloud-init[483]: ci-info: +------------+------+-----------------------------+-------------+--------+-------------------+
Nov 12 21:54:58 88t8-2025-11-12-ubuntu2204000000 cloud-init[483]: ci-info: |   Device   |  Up  |           Address           |     Mask    | Scope  |     Hw-Address    |
Nov 12 21:54:58 88t8-2025-11-12-ubuntu2204000000 cloud-init[483]: ci-info: +------------+------+-----------------------------+-------------+--------+-------------------+
Nov 12 21:54:58 88t8-2025-11-12-ubuntu2204000000 cloud-init[483]: ci-info: | enP55522s1 | True |              .              |      .      |   .    | 00:0d:3a:fe:89:0c |
Nov 12 21:54:58 88t8-2025-11-12-ubuntu2204000000 cloud-init[483]: ci-info: |    eth0    | True |          10.224.0.7         | 255.255.0.0 | global | 00:0d:3a:fe:89:0c |
Nov 12 21:54:58 88t8-2025-11-12-ubuntu2204000000 cloud-init[483]: ci-info: |    eth0    | True | fe80::20d:3aff:fefe:890c/64 |      .      |  link  | 00:0d:3a:fe:89:0c |
Nov 12 21:54:58 88t8-2025-11-12-ubuntu2204000000 cloud-init[483]: ci-info: |     lo     | True |          127.0.0.1          |  255.0.0.0  |  host  |         .         |
Nov 12 21:54:58 88t8-2025-11-12-ubuntu2204000000 cloud-init[483]: ci-info: |     lo     | True |           ::1/128           |      .      |  host  |         .         |
Nov 12 21:54:58 88t8-2025-11-12-ubuntu2204000000 cloud-init[483]: ci-info: +------------+------+-----------------------------+-------------+--------+-------------------+
Nov 12 21:54:58 88t8-2025-11-12-ubuntu2204000000 cloud-init[483]: ci-info: +++++++++++++++++++++++++++++++Route IPv4 info++++++++++++++++++++++++++++++++
Nov 12 21:54:58 88t8-2025-11-12-ubuntu2204000000 cloud-init[483]: ci-info: +-------+-----------------+------------+-----------------+-----------+-------+
Nov 12 21:54:58 88t8-2025-11-12-ubuntu2204000000 cloud-init[483]: ci-info: | Route |   Destination   |  Gateway   |     Genmask     | Interface | Flags |
Nov 12 21:54:58 88t8-2025-11-12-ubuntu2204000000 cloud-init[483]: ci-info: +-------+-----------------+------------+-----------------+-----------+-------+
Nov 12 21:54:58 88t8-2025-11-12-ubuntu2204000000 cloud-init[483]: ci-info: |   0   |     0.0.0.0     | 10.224.0.1 |     0.0.0.0     |    eth0   |   UG  |
Nov 12 21:54:58 88t8-2025-11-12-ubuntu2204000000 cloud-init[483]: ci-info: |   1   |    10.224.0.0   |  0.0.0.0   |   255.255.0.0   |    eth0   |   U   |
Nov 12 21:54:58 88t8-2025-11-12-ubuntu2204000000 cloud-init[483]: ci-info: |   2   |    10.224.0.1   |  0.0.0.0   | 255.255.255.255 |    eth0   |   UH  |
Nov 12 21:54:58 88t8-2025-11-12-ubuntu2204000000 cloud-init[483]: ci-info: |   3   |  168.63.129.16  | 10.224.0.1 | 255.255.255.255 |    eth0   |  UGH  |
Nov 12 21:54:58 88t8-2025-11-12-ubuntu2204000000 cloud-init[483]: ci-info: |   4   | 169.254.169.254 | 10.224.0.1 | 255.255.255.255 |    eth0   |  UGH  |
Nov 12 21:54:58 88t8-2025-11-12-ubuntu2204000000 cloud-init[483]: ci-info: +-------+-----------------+------------+-----------------+-----------+-------+
Nov 12 21:54:58 88t8-2025-11-12-ubuntu2204000000 cloud-init[483]: ci-info: +++++++++++++++++++Route IPv6 info+++++++++++++++++++
Nov 12 21:54:58 88t8-2025-11-12-ubuntu2204000000 cloud-init[483]: ci-info: +-------+-------------+---------+-----------+-------+
Nov 12 21:54:58 88t8-2025-11-12-ubuntu2204000000 cloud-init[483]: ci-info: | Route | Destination | Gateway | Interface | Flags |
Nov 12 21:54:58 88t8-2025-11-12-ubuntu2204000000 cloud-init[483]: ci-info: +-------+-------------+---------+-----------+-------+
Nov 12 21:54:58 88t8-2025-11-12-ubuntu2204000000 cloud-init[483]: ci-info: |   1   |  fe80::/64  |    ::   |    eth0   |   U   |
Nov 12 21:54:58 88t8-2025-11-12-ubuntu2204000000 cloud-init[483]: ci-info: |   3   |   anycast   |    ::   |    eth0   |   U   |
Nov 12 21:54:58 88t8-2025-11-12-ubuntu2204000000 cloud-init[483]: ci-info: |   4   |    local    |    ::   |    eth0   |   U   |
Nov 12 21:54:58 88t8-2025-11-12-ubuntu2204000000 cloud-init[483]: ci-info: |   5   |  multicast  |    ::   |    eth0   |   U   |
Nov 12 21:54:58 88t8-2025-11-12-ubuntu2204000000 cloud-init[483]: ci-info: +-------+-------------+---------+-----------+-------+
Nov 12 21:54:58 88t8-2025-11-12-ubuntu2204000000 systemd-udevd[225]: /etc/udev/rules.d/99-nfs.rules:1 Invalid value "/usr/bin/awk -v bdi=$kernel 'BEGIN{ret=1} {if ($4 == bdi){ret=0}} END{exit ret}' /proc/fs/nfsfs/volumes" for PROGRAM (char 48: invalid substitution type), ignoring.
Nov 12 21:54:59 88t8-2025-11-12-ubuntu2204000000 kernel: EXT4-fs (nvme0n1p1): resizing filesystem from 7836155 to 13078779 blocks
Nov 12 21:54:59 88t8-2025-11-12-ubuntu2204000000 kernel: EXT4-fs (nvme0n1p1): resized filesystem to 13078779
Nov 12 21:54:59 88t8-2025-11-12-ubuntu2204000000 useradd[567]: new group: name=azureuser, GID=1000
Nov 12 21:54:59 88t8-2025-11-12-ubuntu2204000000 useradd[567]: new user: name=azureuser, UID=1000, GID=1000, home=/home/azureuser, shell=/bin/bash, from=none
Nov 12 21:55:00 88t8-2025-11-12-ubuntu2204000000 useradd[567]: add 'azureuser' to group 'adm'
Nov 12 21:55:00 88t8-2025-11-12-ubuntu2204000000 useradd[567]: add 'azureuser' to group 'dialout'
Nov 12 21:55:00 88t8-2025-11-12-ubuntu2204000000 useradd[567]: add 'azureuser' to group 'cdrom'
Nov 12 21:55:00 88t8-2025-11-12-ubuntu2204000000 useradd[567]: add 'azureuser' to group 'floppy'
Nov 12 21:55:00 88t8-2025-11-12-ubuntu2204000000 useradd[567]: add 'azureuser' to group 'sudo'
Nov 12 21:55:00 88t8-2025-11-12-ubuntu2204000000 useradd[567]: add 'azureuser' to group 'audio'
Nov 12 21:55:00 88t8-2025-11-12-ubuntu2204000000 useradd[567]: add 'azureuser' to group 'dip'
Nov 12 21:55:00 88t8-2025-11-12-ubuntu2204000000 useradd[567]: add 'azureuser' to group 'video'
Nov 12 21:55:00 88t8-2025-11-12-ubuntu2204000000 useradd[567]: add 'azureuser' to group 'plugdev'
Nov 12 21:55:00 88t8-2025-11-12-ubuntu2204000000 useradd[567]: add 'azureuser' to group 'netdev'
Nov 12 21:55:00 88t8-2025-11-12-ubuntu2204000000 useradd[567]: add 'azureuser' to group 'lxd'
Nov 12 21:55:00 88t8-2025-11-12-ubuntu2204000000 useradd[567]: add 'azureuser' to shadow group 'adm'
Nov 12 21:55:00 88t8-2025-11-12-ubuntu2204000000 useradd[567]: add 'azureuser' to shadow group 'dialout'
Nov 12 21:55:00 88t8-2025-11-12-ubuntu2204000000 useradd[567]: add 'azureuser' to shadow group 'cdrom'
Nov 12 21:55:00 88t8-2025-11-12-ubuntu2204000000 useradd[567]: add 'azureuser' to shadow group 'floppy'
Nov 12 21:55:00 88t8-2025-11-12-ubuntu2204000000 useradd[567]: add 'azureuser' to shadow group 'sudo'
Nov 12 21:55:00 88t8-2025-11-12-ubuntu2204000000 useradd[567]: add 'azureuser' to shadow group 'audio'
Nov 12 21:55:00 88t8-2025-11-12-ubuntu2204000000 useradd[567]: add 'azureuser' to shadow group 'dip'
Nov 12 21:55:00 88t8-2025-11-12-ubuntu2204000000 useradd[567]: add 'azureuser' to shadow group 'video'
Nov 12 21:55:00 88t8-2025-11-12-ubuntu2204000000 useradd[567]: add 'azureuser' to shadow group 'plugdev'
Nov 12 21:55:00 88t8-2025-11-12-ubuntu2204000000 useradd[567]: add 'azureuser' to shadow group 'netdev'
Nov 12 21:55:00 88t8-2025-11-12-ubuntu2204000000 useradd[567]: add 'azureuser' to shadow group 'lxd'
Nov 12 21:55:00 88t8-2025-11-12-ubuntu2204000000 passwd[575]: password for 'azureuser' changed by 'root'
Nov 12 21:55:00 88t8-2025-11-12-ubuntu2204000000 cloud-init[483]: Generating public/private rsa key pair.
Nov 12 21:55:00 88t8-2025-11-12-ubuntu2204000000 cloud-init[483]: Your identification has been saved in /etc/ssh/ssh_host_rsa_key
Nov 12 21:55:00 88t8-2025-11-12-ubuntu2204000000 cloud-init[483]: Your public key has been saved in /etc/ssh/ssh_host_rsa_key.pub
Nov 12 21:55:00 88t8-2025-11-12-ubuntu2204000000 cloud-init[483]: The key fingerprint is:
Nov 12 21:55:00 88t8-2025-11-12-ubuntu2204000000 cloud-init[483]: SHA256:AwIr1tIr1XO5vwBkbt86XbDEeCtvhQUHo34yJpKVKjM root@88t8-2025-11-12-ubuntu2204000000
Nov 12 21:55:00 88t8-2025-11-12-ubuntu2204000000 cloud-init[483]: The key's randomart image is:
Nov 12 21:55:00 88t8-2025-11-12-ubuntu2204000000 cloud-init[483]: +---[RSA 3072]----+
Nov 12 21:55:00 88t8-2025-11-12-ubuntu2204000000 cloud-init[483]: |  .      o.      |
Nov 12 21:55:00 88t8-2025-11-12-ubuntu2204000000 cloud-init[483]: |  oo. . o...     |
Nov 12 21:55:00 88t8-2025-11-12-ubuntu2204000000 cloud-init[483]: |.o.+.B.+o o      |
Nov 12 21:55:00 88t8-2025-11-12-ubuntu2204000000 cloud-init[483]: |..o O.+o.= .     |
Nov 12 21:55:00 88t8-2025-11-12-ubuntu2204000000 cloud-init[483]: | E = = *S.*      |
Nov 12 21:55:00 88t8-2025-11-12-ubuntu2204000000 cloud-init[483]: |  = o =.*= o     |
Nov 12 21:55:00 88t8-2025-11-12-ubuntu2204000000 cloud-init[483]: |       o+oo      |
Nov 12 21:55:00 88t8-2025-11-12-ubuntu2204000000 cloud-init[483]: |       .o+.      |
Nov 12 21:55:00 88t8-2025-11-12-ubuntu2204000000 cloud-init[483]: |       .o.       |
Nov 12 21:55:00 88t8-2025-11-12-ubuntu2204000000 cloud-init[483]: +----[SHA256]-----+
Nov 12 21:55:00 88t8-2025-11-12-ubuntu2204000000 cloud-init[483]: Generating public/private ecdsa key pair.
Nov 12 21:55:00 88t8-2025-11-12-ubuntu2204000000 cloud-init[483]: Your identification has been saved in /etc/ssh/ssh_host_ecdsa_key
Nov 12 21:55:00 88t8-2025-11-12-ubuntu2204000000 cloud-init[483]: Your public key has been saved in /etc/ssh/ssh_host_ecdsa_key.pub
Nov 12 21:55:00 88t8-2025-11-12-ubuntu2204000000 cloud-init[483]: The key fingerprint is:
Nov 12 21:55:00 88t8-2025-11-12-ubuntu2204000000 cloud-init[483]: SHA256:xdjeTmuTx847L4Xp4HsMF9KrMqS2H4gR608OOfyY+mQ root@88t8-2025-11-12-ubuntu2204000000
Nov 12 21:55:00 88t8-2025-11-12-ubuntu2204000000 cloud-init[483]: The key's randomart image is:
Nov 12 21:55:00 88t8-2025-11-12-ubuntu2204000000 cloud-init[483]: +---[ECDSA 256]---+
Nov 12 21:55:00 88t8-2025-11-12-ubuntu2204000000 cloud-init[483]: |                 |
Nov 12 21:55:00 88t8-2025-11-12-ubuntu2204000000 cloud-init[483]: |         +       |
Nov 12 21:55:00 88t8-2025-11-12-ubuntu2204000000 cloud-init[483]: |      . . +  .   |
Nov 12 21:55:00 88t8-2025-11-12-ubuntu2204000000 cloud-init[483]: |       o o .. o  |
Nov 12 21:55:00 88t8-2025-11-12-ubuntu2204000000 cloud-init[483]: |      o S . o. = |
Nov 12 21:55:00 88t8-2025-11-12-ubuntu2204000000 cloud-init[483]: |     o + ..oo+= .|
Nov 12 21:55:00 88t8-2025-11-12-ubuntu2204000000 cloud-init[483]: |      E oo..*Bo. |
Nov 12 21:55:00 88t8-2025-11-12-ubuntu2204000000 cloud-init[483]: |     o Xo ooo=*  |
Nov 12 21:55:00 88t8-2025-11-12-ubuntu2204000000 cloud-init[483]: |    .o+.=o.o.o+=.|
Nov 12 21:55:00 88t8-2025-11-12-ubuntu2204000000 cloud-init[483]: +----[SHA256]-----+
Nov 12 21:55:00 88t8-2025-11-12-ubuntu2204000000 cloud-init[483]: Generating public/private ed25519 key pair.
Nov 12 21:55:00 88t8-2025-11-12-ubuntu2204000000 cloud-init[483]: Your identification has been saved in /etc/ssh/ssh_host_ed25519_key
Nov 12 21:55:00 88t8-2025-11-12-ubuntu2204000000 cloud-init[483]: Your public key has been saved in /etc/ssh/ssh_host_ed25519_key.pub
Nov 12 21:55:00 88t8-2025-11-12-ubuntu2204000000 cloud-init[483]: The key fingerprint is:
Nov 12 21:55:00 88t8-2025-11-12-ubuntu2204000000 cloud-init[483]: SHA256:ZsmYNXlAx418QM+inrCIIws4oajOBCEC/rCJlNE0f9c root@88t8-2025-11-12-ubuntu2204000000
Nov 12 21:55:00 88t8-2025-11-12-ubuntu2204000000 cloud-init[483]: The key's randomart image is:
Nov 12 21:55:00 88t8-2025-11-12-ubuntu2204000000 cloud-init[483]: +--[ED25519 256]--+
Nov 12 21:55:00 88t8-2025-11-12-ubuntu2204000000 cloud-init[483]: |..oo   .o+++     |
Nov 12 21:55:00 88t8-2025-11-12-ubuntu2204000000 cloud-init[483]: |o o.o    +=oo    |
Nov 12 21:55:00 88t8-2025-11-12-ubuntu2204000000 cloud-init[483]: |+=   . .+.oEo    |
Nov 12 21:55:00 88t8-2025-11-12-ubuntu2204000000 cloud-init[483]: |=.=   .=.= .     |
Nov 12 21:55:00 88t8-2025-11-12-ubuntu2204000000 cloud-init[483]: |+o .  + S        |
Nov 12 21:55:00 88t8-2025-11-12-ubuntu2204000000 cloud-init[483]: |=. . . * .       |
Nov 12 21:55:00 88t8-2025-11-12-ubuntu2204000000 cloud-init[483]: |B.o . . o        |
Nov 12 21:55:00 88t8-2025-11-12-ubuntu2204000000 cloud-init[483]: |=+ .             |
Nov 12 21:55:00 88t8-2025-11-12-ubuntu2204000000 cloud-init[483]: |+o               |
Nov 12 21:55:00 88t8-2025-11-12-ubuntu2204000000 cloud-init[483]: +----[SHA256]-----+
Nov 12 21:55:00 88t8-2025-11-12-ubuntu2204000000 systemd[1]: Finished Cloud-init: Network Stage.
Nov 12 21:55:00 88t8-2025-11-12-ubuntu2204000000 systemd[1]: Reached target Cloud-config availability.
Nov 12 21:55:00 88t8-2025-11-12-ubuntu2204000000 systemd[1]: Reached target Network is Online.
Nov 12 21:55:00 88t8-2025-11-12-ubuntu2204000000 systemd[1]: Reached target System Initialization.
Nov 12 21:55:00 88t8-2025-11-12-ubuntu2204000000 systemd[1]: Started Monitor the ContainerInsights syslog status file for changes.
Nov 12 21:55:00 88t8-2025-11-12-ubuntu2204000000 systemd[1]: Started Monitor the cert directory for changes.
Nov 12 21:55:00 88t8-2025-11-12-ubuntu2204000000 systemd[1]: Started AKS Log Collector Timer.
Nov 12 21:55:00 88t8-2025-11-12-ubuntu2204000000 systemd[1]: Started Daily Cleanup of Temporary Directories.
Nov 12 21:55:00 88t8-2025-11-12-ubuntu2204000000 systemd[1]: Condition check resulted in Ubuntu Pro Timer for running repeated jobs being skipped.
Nov 12 21:55:00 88t8-2025-11-12-ubuntu2204000000 systemd[1]: Started Download data for packages that failed at package install time.
Nov 12 21:55:00 88t8-2025-11-12-ubuntu2204000000 systemd[1]: Reached target Path Units.
Nov 12 21:55:00 88t8-2025-11-12-ubuntu2204000000 systemd[1]: Listening on cloud-init hotplug hook socket.
Nov 12 21:55:00 88t8-2025-11-12-ubuntu2204000000 systemd[1]: Listening on D-Bus System Message Bus Socket.
Nov 12 21:55:00 88t8-2025-11-12-ubuntu2204000000 systemd[1]: Listening on Open-iSCSI iscsid Socket.
Nov 12 21:55:00 88t8-2025-11-12-ubuntu2204000000 systemd[1]: Listening on UUID daemon activation socket.
Nov 12 21:55:00 88t8-2025-11-12-ubuntu2204000000 systemd[1]: Reached target Socket Units.
Nov 12 21:55:00 88t8-2025-11-12-ubuntu2204000000 systemd[1]: Reached target Basic System.
Nov 12 21:55:00 88t8-2025-11-12-ubuntu2204000000 systemd[1]: Started aznfs watchdog for NFSv4 mounts.
Nov 12 21:55:00 88t8-2025-11-12-ubuntu2204000000 systemd[1]: Reached target NFS client services.
Nov 12 21:55:00 88t8-2025-11-12-ubuntu2204000000 systemd[1]: Starting chrony, an NTP client/server...
Nov 12 21:55:00 88t8-2025-11-12-ubuntu2204000000 systemd[1]: Starting Update syslog config based on ContainerInsights syslog status change...
Nov 12 21:55:00 88t8-2025-11-12-ubuntu2204000000 systemd[1]: Starting Cloud-init: Config Stage...
Nov 12 21:55:00 88t8-2025-11-12-ubuntu2204000000 systemd[1]: Started D-Bus System Message Bus.
Nov 12 21:55:00 88t8-2025-11-12-ubuntu2204000000 systemd[1]: Starting containerd container runtime...
Nov 12 21:55:00 88t8-2025-11-12-ubuntu2204000000 systemd[1]: Starting Set nr_requests and queue_depth based on experimental tuning...
Nov 12 21:55:00 88t8-2025-11-12-ubuntu2204000000 systemd[1]: Started Save initial kernel messages after boot.
Nov 12 21:55:00 88t8-2025-11-12-ubuntu2204000000 systemd[1]: Starting Remove Stale Online ext4 Metadata Check Snapshots...
Nov 12 21:55:00 88t8-2025-11-12-ubuntu2204000000 env[591]: bash: line 1: /sys/block/sda/queue/nr_requests: No such file or directory
Nov 12 21:55:00 88t8-2025-11-12-ubuntu2204000000 systemd[1]: Started GC Service.
Nov 12 21:55:00 88t8-2025-11-12-ubuntu2204000000 systemd[1]: Condition check resulted in getty on tty2-tty6 if dbus and logind are not available being skipped.
Nov 12 21:55:00 88t8-2025-11-12-ubuntu2204000000 systemd[1]: Starting Record successful boot for GRUB...
Nov 12 21:55:00 88t8-2025-11-12-ubuntu2204000000 systemd[1]: Condition check resulted in Hyper-V File Copy Protocol Daemon being skipped.
Nov 12 21:55:00 88t8-2025-11-12-ubuntu2204000000 systemd[1]: Condition check resulted in Hyper-V VSS Protocol Daemon being skipped.
Nov 12 21:55:00 88t8-2025-11-12-ubuntu2204000000 systemd[1]: Started Configure nftables rules for handling Azure SLB IPv6 health probe packets.
Nov 12 21:55:00 88t8-2025-11-12-ubuntu2204000000 systemd[1]: Started irqbalance daemon.
Nov 12 21:55:00 88t8-2025-11-12-ubuntu2204000000 systemd[1]: Starting Dispatcher daemon for systemd-networkd...
Nov 12 21:55:00 88t8-2025-11-12-ubuntu2204000000 systemd[1]: Condition check resulted in Auto-connect to subsystems on FC-NVME devices found during boot being skipped.
Nov 12 21:55:00 88t8-2025-11-12-ubuntu2204000000 systemd[1]: Starting Connect NVMe-oF subsystems automatically during boot...
Nov 12 21:55:00 88t8-2025-11-12-ubuntu2204000000 systemd[1]: Condition check resulted in Login to default iSCSI targets being skipped.
Nov 12 21:55:00 88t8-2025-11-12-ubuntu2204000000 systemd[1]: Condition check resulted in Pollinate to seed the pseudo random number generator being skipped.
Nov 12 21:55:00 88t8-2025-11-12-ubuntu2204000000 dbus-daemon[589]: [system] AppArmor D-Bus mediation is enabled
Nov 12 21:55:00 88t8-2025-11-12-ubuntu2204000000 bash[596]: + set -e
Nov 12 21:55:00 88t8-2025-11-12-ubuntu2204000000 bash[596]: + NFTABLES_RULESET_FILE=/etc/systemd/system/ipv6_nftables
Nov 12 21:55:00 88t8-2025-11-12-ubuntu2204000000 bash[603]: ++ curl -sSL -H 'Metadata: true' 'http://169.254.169.254/metadata/instance/network/interface?api-version=2021-02-01'
Nov 12 21:55:00 88t8-2025-11-12-ubuntu2204000000 bash[604]: ++ jq '[.[].ipv6.ipAddress[] | select(.privateIpAddress != "")] | length'
Nov 12 21:55:00 88t8-2025-11-12-ubuntu2204000000 bash[594]: /bin/bash: /var/lib/waagent/Microsoft.GuestConfiguration.ConfigurationforLinux-1.26.101/GCAgent/GC/run_service.sh: No such file or directory
Nov 12 21:55:00 88t8-2025-11-12-ubuntu2204000000 systemd[1]: Starting Map RBD devices...
Nov 12 21:55:00 88t8-2025-11-12-ubuntu2204000000 systemd[1]: Starting Notify NFS peers of a restart...
Nov 12 21:55:00 88t8-2025-11-12-ubuntu2204000000 systemd[1]: Starting System Logging Service...
Nov 12 21:55:00 88t8-2025-11-12-ubuntu2204000000 systemd[1]: Starting Secure Boot updates for DB and DBX...
Nov 12 21:55:00 88t8-2025-11-12-ubuntu2204000000 systemd[1]: Starting OpenBSD Secure Shell server...
Nov 12 21:55:00 88t8-2025-11-12-ubuntu2204000000 sm-notify[610]: Version 2.6.1 starting
Nov 12 21:55:00 88t8-2025-11-12-ubuntu2204000000 systemd[1]: Starting LSB: Set sysfs variables from /etc/sysfs.conf...
Nov 12 21:55:00 88t8-2025-11-12-ubuntu2204000000 systemd[1]: Starting Resets System Activity Logs...
Nov 12 21:55:00 88t8-2025-11-12-ubuntu2204000000 systemd[1]: Starting User Login Management...
Nov 12 21:55:00 88t8-2025-11-12-ubuntu2204000000 systemd[1]: Condition check resulted in Ubuntu Pro reboot cmds being skipped.
Nov 12 21:55:00 88t8-2025-11-12-ubuntu2204000000 systemd[1]: Started Ubuntu Pro Background Auto Attach.
Nov 12 21:55:00 88t8-2025-11-12-ubuntu2204000000 systemd[1]: Started Azure Linux Agent.
Nov 12 21:55:00 88t8-2025-11-12-ubuntu2204000000 systemd[1]: ci-syslog-watcher.service: Deactivated successfully.
Nov 12 21:55:00 88t8-2025-11-12-ubuntu2204000000 systemd[1]: Finished Update syslog config based on ContainerInsights syslog status change.
Nov 12 21:55:00 88t8-2025-11-12-ubuntu2204000000 systemd[1]: disk_queue.service: Main process exited, code=exited, status=1/FAILURE
Nov 12 21:55:00 88t8-2025-11-12-ubuntu2204000000 systemd[1]: disk_queue.service: Failed with result 'exit-code'.
Nov 12 21:55:00 88t8-2025-11-12-ubuntu2204000000 systemd[1]: Failed to start Set nr_requests and queue_depth based on experimental tuning.
